Archive member included because of file (symbol)

R:\fehqt\Proteus/EWL/lib/armv7e-m\libc.a(sprintf.o)
                              Libraries\FEHLCD.o (sprintf)
R:\fehqt\Proteus/EWL/lib/armv7e-m\libc.a(vsnprintf.o)
                              R:\fehqt\Proteus/EWL/lib/armv7e-m\libc.a(sprintf.o) (vsnprintf)
R:\fehqt\Proteus/EWL/lib/armv7e-m\libc.a(exit.o)
                              Startup\__arm_start.o (exit)
R:\fehqt\Proteus/EWL/lib/armv7e-m\libc.a(memcpy.o)
                              R:\fehqt\Proteus/EWL/lib/armv7e-m\libc.a(vsnprintf.o) (memcpy)
R:\fehqt\Proteus/EWL/lib/armv7e-m\libc.a(memset.o)
                              Startup\__arm_start.o (memset)
R:\fehqt\Proteus/EWL/lib/armv7e-m\libc.a(printformat_.o)
                              (__pformatter_)
R:\fehqt\Proteus/EWL/lib/armv7e-m\libc.a(scanformat_.o)
                              (__sformatter)
R:\fehqt\Proteus/EWL/lib/armv7e-m\libc.a(ctype_aeabi.o)
                              R:\fehqt\Proteus/EWL/lib/armv7e-m\libc.a(scanformat_.o) (isspace)
R:\fehqt\Proteus/EWL/lib/armv7e-m\libc.a(__strtoul.o)
                              R:\fehqt\Proteus/EWL/lib/armv7e-m\libc.a(scanformat_.o) (__strtoul)
R:\fehqt\Proteus/EWL/lib/armv7e-m\libc.a(__filll_mem.o)
                              R:\fehqt\Proteus/EWL/lib/armv7e-m\libc.a(memset.o) (__fill_mem)
R:\fehqt\Proteus/EWL/lib/armv7e-m\libc.a(memchr.o)
                              R:\fehqt\Proteus/EWL/lib/armv7e-m\libc.a(printformat_.o) (memchr)
R:\fehqt\Proteus/EWL/lib/armv7e-m\libc.a(strchr.o)
                              R:\fehqt\Proteus/EWL/lib/armv7e-m\libc.a(printformat_.o) (strchr)
R:\fehqt\Proteus/EWL/lib/armv7e-m\libc.a(strlen.o)
                              R:\fehqt\Proteus/EWL/lib/armv7e-m\libc.a(printformat_.o) (strlen)
r:/fehqt/proteus/gcc/bin/../lib/gcc/arm-none-eabi/4.6.2/armv7e-m\libgcc.a(_arm_addsubdf3.o)
                              ..\robot.o (__aeabi_dsub)
r:/fehqt/proteus/gcc/bin/../lib/gcc/arm-none-eabi/4.6.2/armv7e-m\libgcc.a(_arm_muldivdf3.o)
                              ..\robot.o (__aeabi_dmul)
r:/fehqt/proteus/gcc/bin/../lib/gcc/arm-none-eabi/4.6.2/armv7e-m\libgcc.a(_arm_cmpdf2.o)
                              ..\robot.o (__aeabi_dcmplt)
r:/fehqt/proteus/gcc/bin/../lib/gcc/arm-none-eabi/4.6.2/armv7e-m\libgcc.a(_arm_fixdfsi.o)
                              ..\robot.o (__aeabi_d2iz)
r:/fehqt/proteus/gcc/bin/../lib/gcc/arm-none-eabi/4.6.2/armv7e-m\libgcc.a(_arm_fixunsdfsi.o)
                              Libraries\FEHUtility.o (__aeabi_d2uiz)
r:/fehqt/proteus/gcc/bin/../lib/gcc/arm-none-eabi/4.6.2/armv7e-m\libgcc.a(_arm_truncdfsf2.o)
                              ..\robot.o (__aeabi_d2f)
r:/fehqt/proteus/gcc/bin/../lib/gcc/arm-none-eabi/4.6.2/armv7e-m\libgcc.a(_arm_addsubsf3.o)
                              ..\main.o (__aeabi_fsub)
r:/fehqt/proteus/gcc/bin/../lib/gcc/arm-none-eabi/4.6.2/armv7e-m\libgcc.a(_arm_muldivsf3.o)
                              ..\robot.o (__aeabi_fmul)
r:/fehqt/proteus/gcc/bin/../lib/gcc/arm-none-eabi/4.6.2/armv7e-m\libgcc.a(_arm_cmpsf2.o)
                              ..\robot.o (__aeabi_fcmpeq)
r:/fehqt/proteus/gcc/bin/../lib/gcc/arm-none-eabi/4.6.2/armv7e-m\libgcc.a(_arm_fixsfsi.o)
                              ..\robot.o (__aeabi_f2iz)
r:/fehqt/proteus/gcc/bin/../lib/gcc/arm-none-eabi/4.6.2/armv7e-m\libgcc.a(_arm_fixunssfsi.o)
                              Drivers\mcg.o (__aeabi_f2uiz)
R:\fehqt\Proteus/EWL/lib/armv7e-m\librt.a(gcc_ctor_dtor.o)
                              Startup\__arm_start.o (__init_cpp)
R:\fehqt\Proteus/EWL/lib/armv7e-m\librt.a(ROMCopy.o)
                              Startup\__arm_start.o (__copy_rom_sections_to_ram)
R:\fehqt\Proteus/EWL/lib/armv7e-m\librt.a(__arm_eabi_init.o)
                              R:\fehqt\Proteus/EWL/lib/armv7e-m\libc.a(exit.o) (__destroy_global_chain)
R:\fehqt\Proteus/EWL/lib/armv7e-m\librt.a(New.o)
                              ..\robot.o (operator new(unsigned int))
r:/fehqt/proteus/gcc/bin/../lib/gcc/arm-none-eabi/4.6.2/../../../../arm-none-eabi/lib/armv7e-m\libsupc++.a(class_type_info.o)
                              R:\fehqt\Proteus/EWL/lib/armv7e-m\librt.a(New.o) (vtable for __cxxabiv1::__class_type_info)
r:/fehqt/proteus/gcc/bin/../lib/gcc/arm-none-eabi/4.6.2/../../../../arm-none-eabi/lib/armv7e-m\libsupc++.a(eh_alloc.o)
                              R:\fehqt\Proteus/EWL/lib/armv7e-m\librt.a(New.o) (__cxa_allocate_exception)
r:/fehqt/proteus/gcc/bin/../lib/gcc/arm-none-eabi/4.6.2/../../../../arm-none-eabi/lib/armv7e-m\libsupc++.a(eh_arm.o)
                              R:\fehqt\Proteus/EWL/lib/armv7e-m\librt.a(New.o) (__cxa_end_cleanup)
r:/fehqt/proteus/gcc/bin/../lib/gcc/arm-none-eabi/4.6.2/../../../../arm-none-eabi/lib/armv7e-m\libsupc++.a(eh_aux_runtime.o)
                              r:/fehqt/proteus/gcc/bin/../lib/gcc/arm-none-eabi/4.6.2/../../../../arm-none-eabi/lib/armv7e-m\libsupc++.a(eh_arm.o) (__cxa_bad_typeid)
[...]
Memory Configuration

Name             Origin             Length             Attributes
m_interrupts     0x0000c000         0x00000400         xr
m_cfmprotrom     0x0000c400         0x00000010         xr
m_text           0x0000c410         0x00073bf0         xr
m_data           0x1fff0400         0x0000fc00         xrw
m_data2          0x20000000         0x00010000         xrw
*default*        0x00000000         0xffffffff

Linker script and memory map

LOAD ..\main.o
LOAD ..\robot.o
LOAD Startup\__arm_start.o
LOAD Startup\__arm_end.o
LOAD Startup\kinetis_sysinit.o
LOAD Libraries\FEHMotor.o
LOAD Drivers\mcg.o
LOAD Drivers\uart.o
LOAD Drivers\lptmr.o
LOAD FEHProteus.o
LOAD Drivers\FEHPropeller.o
LOAD Libraries\FEHUtility.o
LOAD Libraries\FEHIO.o
LOAD Drivers\adc16.o
LOAD Libraries\FEHBuzzer.o
LOAD Libraries\FEHServo.o
LOAD Libraries\FEHLCD.o
LOAD Libraries\FEHBattery.o
LOAD Drivers\FEHXBee.o
LOAD Libraries\FEHWONKA.o
                0x00015880                __pformatter = __pformatter_
                [0x00015c78]                __sformatter = __sformatter
LOAD R:\fehqt\Proteus/EWL/lib/armv7e-m\libstdc++.a
LOAD R:\fehqt\Proteus/EWL/lib/armv7e-m\libm.a
START GROUP
LOAD R:\fehqt\Proteus/EWL/lib/armv7e-m\libc.a
LOAD R:\fehqt\Proteus/EWL/lib/armv7e-m\libc++.a
LOAD R:\fehqt\Proteus/EWL/lib/armv7e-m\libm.a
LOAD r:/fehqt/proteus/gcc/bin/../lib/gcc/arm-none-eabi/4.6.2/armv7e-m\libgcc.a
LOAD R:\fehqt\Proteus/EWL/lib/armv7e-m\librt.a
LOAD r:/fehqt/proteus/gcc/bin/../lib/gcc/arm-none-eabi/4.6.2/../../../../arm-none-eabi/lib/armv7e-m\libsupc++.a
END GROUP
                0x20000000                _estack = 0x20000000
                0x20000000                __SP_INIT = _estack
                0x00000800                __heap_size = 0x800
                0x00000800                __stack_size = 0x800

.interrupts     0x0000c000      0x1e0
                0x0000c000                __vector_table = .
                0x0000c000                . = ALIGN (0x4)
 *(.vectortable)
 .vectortable   0x0000c000      0x1e0 Startup\kinetis_sysinit.o
                0x0000c1e0                . = ALIGN (0x4)

.cfmprotect     0x0000c400        0x0
                0x0000c400                . = ALIGN (0x4)
 *(.cfmconfig)
                0x0000c400                . = ALIGN (0x4)

.text           0x0000c410     0xc180
                0x0000c410                . = ALIGN (0x4)
 *(.text)
 .text          0x0000c410      0x370 r:/fehqt/proteus/gcc/bin/../lib/gcc/arm-none-eabi/4.6.2/armv7e-m\libgcc.a(_arm_addsubdf3.o)
                0x0000c410                __aeabi_drsub
                0x0000c418                __aeabi_dsub
                0x0000c418                __subdf3
                0x0000c41c                __aeabi_dadd
                0x0000c41c                __adddf3
                0x0000c694                __floatunsidf
                0x0000c694                __aeabi_ui2d
                0x0000c6b4                __floatsidf
                0x0000c6b4                __aeabi_i2d
                0x0000c6d8                __aeabi_f2d
                0x0000c6d8                __extendsfdf2
                0x0000c714                __floatundidf
                0x0000c714                __aeabi_ul2d
                0x0000c724                __floatdidf
                0x0000c724                __aeabi_l2d
 .text          0x0000c780      0x424 r:/fehqt/proteus/gcc/bin/../lib/gcc/arm-none-eabi/4.6.2/armv7e-m\libgcc.a(_arm_muldivdf3.o)
                0x0000c780                __aeabi_dmul
                0x0000c780                __muldf3
                0x0000c9d4                __divdf3
                0x0000c9d4                __aeabi_ddiv
 .text          0x0000cba4      0x110 r:/fehqt/proteus/gcc/bin/../lib/gcc/arm-none-eabi/4.6.2/armv7e-m\libgcc.a(_arm_cmpdf2.o)
                0x0000cba4                __gtdf2
                0x0000cba4                __gedf2
                0x0000cbac                __ltdf2
                0x0000cbac                __ledf2
                0x0000cbb4                __nedf2
                0x0000cbb4                __eqdf2
                0x0000cbb4                __cmpdf2
                0x0000cc30                __aeabi_cdrcmple
                0x0000cc40                __aeabi_cdcmpeq
                0x0000cc40                __aeabi_cdcmple
                0x0000cc50                __aeabi_dcmpeq
                0x0000cc64                __aeabi_dcmplt
                0x0000cc78                __aeabi_dcmple
                0x0000cc8c                __aeabi_dcmpge
                0x0000cca0                __aeabi_dcmpgt
 .text          0x0000ccb4       0x50 r:/fehqt/proteus/gcc/bin/../lib/gcc/arm-none-eabi/4.6.2/armv7e-m\libgcc.a(_arm_fixdfsi.o)
                0x0000ccb4                __aeabi_d2iz
                0x0000ccb4                __fixdfsi
 .text          0x0000cd04       0x40 r:/fehqt/proteus/gcc/bin/../lib/gcc/arm-none-eabi/4.6.2/armv7e-m\libgcc.a(_arm_fixunsdfsi.o)
                0x0000cd04                __aeabi_d2uiz
                0x0000cd04                __fixunsdfsi
 .text          0x0000cd44       0xa0 r:/fehqt/proteus/gcc/bin/../lib/gcc/arm-none-eabi/4.6.2/armv7e-m\libgcc.a(_arm_truncdfsf2.o)
                0x0000cd44                __truncdfsf2
                0x0000cd44                __aeabi_d2f
 .text          0x0000cde4      0x21c r:/fehqt/proteus/gcc/bin/../lib/gcc/arm-none-eabi/4.6.2/armv7e-m\libgcc.a(_arm_addsubsf3.o)
                0x0000cde4                __aeabi_frsub
                0x0000cdec                __subsf3
                0x0000cdec                __aeabi_fsub
                0x0000cdf0                __aeabi_fadd
                0x0000cdf0                __addsf3
                0x0000cf50                __aeabi_ui2f
                0x0000cf50                __floatunsisf
                0x0000cf58                __aeabi_i2f
                0x0000cf58                __floatsisf
                0x0000cf74                __aeabi_ul2f
                0x0000cf74                __floatundisf
                0x0000cf84                __aeabi_l2f
                0x0000cf84                __floatdisf
 .text          0x0000d000      0x2a0 r:/fehqt/proteus/gcc/bin/../lib/gcc/arm-none-eabi/4.6.2/armv7e-m\libgcc.a(_arm_muldivsf3.o)
                0x0000d000                __mulsf3
                0x0000d000                __aeabi_fmul
                0x0000d168                __aeabi_fdiv
                0x0000d168                __divsf3
 .text          0x0000d2a0       0xec r:/fehqt/proteus/gcc/bin/../lib/gcc/arm-none-eabi/4.6.2/armv7e-m\libgcc.a(_arm_cmpsf2.o)
                0x0000d2a0                __gesf2
                0x0000d2a0                __gtsf2
                0x0000d2a8                __lesf2
                0x0000d2a8                __ltsf2
                0x0000d2b0                __nesf2
                0x0000d2b0                __eqsf2
                0x0000d2b0                __cmpsf2
                0x0000d310                __aeabi_cfrcmple
                0x0000d318                __aeabi_cfcmpeq
                0x0000d318                __aeabi_cfcmple
                0x0000d328                __aeabi_fcmpeq
                0x0000d33c                __aeabi_fcmplt
                0x0000d350                __aeabi_fcmple
                0x0000d364                __aeabi_fcmpge
                0x0000d378                __aeabi_fcmpgt
 .text          0x0000d38c       0x4c r:/fehqt/proteus/gcc/bin/../lib/gcc/arm-none-eabi/4.6.2/armv7e-m\libgcc.a(_arm_fixsfsi.o)
                0x0000d38c                __aeabi_f2iz
                0x0000d38c                __fixsfsi
 .text          0x0000d3d8       0x40 r:/fehqt/proteus/gcc/bin/../lib/gcc/arm-none-eabi/4.6.2/armv7e-m\libgcc.a(_arm_fixunssfsi.o)
                0x0000d3d8                __fixunssfsi
                0x0000d3d8                __aeabi_f2uiz
 .text          0x0000d418      0xb54 r:/fehqt/proteus/gcc/bin/../lib/gcc/arm-none-eabi/4.6.2/armv7e-m\libgcc.a(unwind-arm.o)
                0x0000d6c0                _Unwind_VRS_Get
                0x0000d700                _Unwind_VRS_Set
                0x0000da60                __aeabi_unwind_cpp_pr2
                0x0000da64                __aeabi_unwind_cpp_pr1
                0x0000da68                __aeabi_unwind_cpp_pr0
                0x0000da6c                _Unwind_VRS_Pop
                0x0000de20                _Unwind_GetCFA
                0x0000de24                __gnu_Unwind_RaiseException
                0x0000de84                __gnu_Unwind_ForcedUnwind
                0x0000de98                __gnu_Unwind_Resume
                0x0000ded4                __gnu_Unwind_Resume_or_Rethrow
                0x0000dee4                _Unwind_Complete
                0x0000dee8                _Unwind_DeleteException
                0x0000def8                __gnu_Unwind_Backtrace
 .text          0x0000df6c      0x1ac r:/fehqt/proteus/gcc/bin/../lib/gcc/arm-none-eabi/4.6.2/armv7e-m\libgcc.a(libunwind.o)
                0x0000df6c                __restore_core_regs
                0x0000df6c                restore_core_regs
                0x0000df84                __gnu_Unwind_Restore_VFP
                0x0000df8c                __gnu_Unwind_Save_VFP
                0x0000df94                __gnu_Unwind_Restore_VFP_D
                0x0000df9c                __gnu_Unwind_Save_VFP_D
                0x0000dfa4                __gnu_Unwind_Restore_VFP_D_16_to_31
                0x0000dfac                __gnu_Unwind_Save_VFP_D_16_to_31
                0x0000dfb4                __gnu_Unwind_Restore_WMMXD
                0x0000dff8                __gnu_Unwind_Save_WMMXD
                0x0000e03c                __gnu_Unwind_Restore_WMMXC
                0x0000e050                __gnu_Unwind_Save_WMMXC
                0x0000e064                ___Unwind_RaiseException
                0x0000e064                _Unwind_RaiseException
                0x0000e088                _Unwind_Resume
                0x0000e088                ___Unwind_Resume
                0x0000e0ac                _Unwind_Resume_or_Rethrow
                0x0000e0ac                ___Unwind_Resume_or_Rethrow
                0x0000e0d0                _Unwind_ForcedUnwind
                0x0000e0d0                ___Unwind_ForcedUnwind
                0x0000e0f4                ___Unwind_Backtrace
                0x0000e0f4                _Unwind_Backtrace
 .text          0x0000e118      0x374 r:/fehqt/proteus/gcc/bin/../lib/gcc/arm-none-eabi/4.6.2/armv7e-m\libgcc.a(pr-support.o)
                0x0000e16c                __gnu_unwind_execute
                0x0000e434                __gnu_unwind_frame
                0x0000e45c                _Unwind_GetRegionStart
                0x0000e468                _Unwind_GetLanguageSpecificData
                0x0000e47c                _Unwind_GetDataRelBase
                0x0000e484                _Unwind_GetTextRelBase
 *(.text*)
 .text.main     0x0000e48c      0x510 ..\main.o
                0x0000e48c                main
 .text._ZSt3absf
                0x0000e99c       0x1c ..\robot.o
                0x0000e99c                std::abs(float)
 .text._ZN5RobotC2Ev
                0x0000e9b8      0x244 ..\robot.o
                0x0000e9b8                Robot::Robot()
                0x0000e9b8                Robot::Robot()
 .text._ZN5Robot12getOvenCountEv
                0x0000ebfc       0x18 ..\robot.o
                0x0000ebfc                Robot::getOvenCount()
 .text._ZN5Robot14getSwitchPressEv
                0x0000ec14       0x5c ..\robot.o
                0x0000ec14                Robot::getSwitchPress()
 .text._ZN5Robot4waitEf
                0x0000ec70       0x18 ..\robot.o
                0x0000ec70                Robot::wait(float)
 .text._ZN5Robot8checkCDSEv
                0x0000ec88       0x68 ..\robot.o
                0x0000ec88                Robot::checkCDS()
 .text._ZN5Robot8cdsStartEv
                0x0000ecf0       0x3c ..\robot.o
                0x0000ecf0                Robot::cdsStart()
 .text._ZN5Robot8cdsColorEv
                0x0000ed2c       0x34 ..\robot.o
                0x0000ed2c                Robot::cdsColor()
 .text._ZN5Robot4getXEv
                0x0000ed60       0x20 ..\robot.o
                0x0000ed60                Robot::getX()
 .text._ZN5Robot4getYEv
                0x0000ed80       0x20 ..\robot.o
                0x0000ed80                Robot::getY()
 .text._ZN5Robot11moveForwardEfi
                0x0000eda0      0x1dc ..\robot.o
                0x0000eda0                Robot::moveForward(float, int)
 .text._ZN5Robot12moveBackwardEfi
                0x0000ef7c      0x1a0 ..\robot.o
                0x0000ef7c                Robot::moveBackward(float, int)
 *fill*         0x0000f11c        0x4 00
 .text._ZN5Robot12moveBackwardEffi
                0x0000f120      0x3c8 ..\robot.o
                0x0000f120                Robot::moveBackward(float, float, int)
 .text._ZN5Robot19moveBackwardToLightEiii
                0x0000f4e8      0x134 ..\robot.o
                0x0000f4e8                Robot::moveBackwardToLight(int, int, int)
 .text._ZN5Robot11timeForwardEfi
                0x0000f61c       0xb0 ..\robot.o
                0x0000f61c                Robot::timeForward(float, int)
 .text._ZN5Robot8timeBackEfi
                0x0000f6cc       0x84 ..\robot.o
                0x0000f6cc                Robot::timeBack(float, int)
 .text._ZN5Robot10getHeadingEv
                0x0000f750       0x20 ..\robot.o
                0x0000f750                Robot::getHeading()
 .text._ZN5Robot8turnLeftEi
                0x0000f770      0x1f4 ..\robot.o
                0x0000f770                Robot::turnLeft(int)
 *fill*         0x0000f964        0x4 00
 .text._ZN5Robot9turnRightEi
                0x0000f968      0x298 ..\robot.o
                0x0000f968                Robot::turnRight(int)
 .text._ZN5Robot17turnLeftToHeadingEf
                0x0000fc00      0x220 ..\robot.o
                0x0000fc00                Robot::turnLeftToHeading(float)
 .text._ZN5Robot18turnRightToHeadingEf
                0x0000fe20      0x220 ..\robot.o
                0x0000fe20                Robot::turnRightToHeading(float)
 .text._ZN5Robot13turnLeftCheckEfci
                0x00010040      0x320 ..\robot.o
                0x00010040                Robot::turnLeftCheck(float, char, int)
 .text._ZN5Robot14turnRightCheckEfci
                0x00010360      0x3b0 ..\robot.o
                0x00010360                Robot::turnRightCheck(float, char, int)
 .text._ZN5Robot11setArmAngleEii
                0x00010710       0x50 ..\robot.o
                0x00010710                Robot::setArmAngle(int, int)
 .text._ZN5Robot16printStartScreenEv
                0x00010760       0xc4 ..\robot.o
                0x00010760                Robot::printStartScreen()
 .text.zero_fill_bss
                0x00010824       0x34 Startup\__arm_start.o
 .text.__thumb_startup
                0x00010858       0x34 Startup\__arm_start.o
                0x00010858                __thumb_startup
 .text.InitFEHProteus
                0x0001088c      0x15c Startup\__arm_start.o
                0x0001088c                InitFEHProteus
 .text.pll_init_bl
                0x000109e8      0x130 Startup\__arm_start.o
 .text.InitPowerButton
                0x00010b18       0x90 Startup\__arm_start.o
                0x00010b18                InitPowerButton
 .text._ExitProcess
                0x00010ba8        0xc Startup\__arm_end.o
                0x00010ba8                _ExitProcess
 .text.Default_Handler
                0x00010bb4        0xc Startup\kinetis_sysinit.o
                0x00010bb4                BusFault_Handler()
                0x00010bb4                HardFault_Handler()
                0x00010bb4                SysTick_Handler()
                0x00010bb4                PendSV_Handler()
                0x00010bb4                DebugMonitor_Handler()
                0x00010bb4                MemManage_Handler()
                0x00010bb4                NMI_Handler()
                0x00010bb4                SVC_Handler()
                0x00010bb4                Default_Handler
                0x00010bb4                UsageFault_Handler()
 .text.__init_hardware
                0x00010bc0       0x44 Startup\kinetis_sysinit.o
                0x00010bc0                __init_hardware
 .text._Z8PortDISRv
                0x00010c04       0x5c Startup\kinetis_sysinit.o
                0x00010c04                PortDISR()
 .text._ZN8FEHMotorC2ENS_12FEHMotorPortE
                0x00010c60       0x28 Libraries\FEHMotor.o
                0x00010c60                FEHMotor::FEHMotor(FEHMotor::FEHMotorPort)
                0x00010c60                FEHMotor::FEHMotor(FEHMotor::FEHMotorPort)
 .text._ZN8FEHMotor10SetPercentEf
                0x00010c88       0xd8 Libraries\FEHMotor.o
                0x00010c88                FEHMotor::SetPercent(float)
 .text._Z9uart_initPV11UART_MemMapii
                0x00010d60      0x20c Drivers\uart.o
                0x00010d60                uart_init(UART_MemMap volatile*, int, int)
 .text._Z12uart_getcharPV11UART_MemMap
                0x00010f6c       0x34 Drivers\uart.o
                0x00010f6c                uart_getchar(UART_MemMap volatile*)
 .text._Z12uart_putcharPV11UART_MemMapc
                0x00010fa0       0x38 Drivers\uart.o
                0x00010fa0                uart_putchar(UART_MemMap volatile*, char)
 .text._Z13time_delay_msm
                0x00010fd8       0xa4 Drivers\lptmr.o
                0x00010fd8                time_delay_ms(unsigned long)
 .text._Z41__static_initialization_and_destruction_0ii
                0x0001107c       0x30 FEHProteus.o
 .text._GLOBAL__sub_I_Propeller
                0x000110ac       0x14 FEHProteus.o
 .text._ZN12FEHPropellerC2Ev
                0x000110c0       0x20 Drivers\FEHPropeller.o
                0x000110c0                FEHPropeller::FEHPropeller()
                0x000110c0                FEHPropeller::FEHPropeller()
 .text._ZN12FEHPropeller10InitializeEv
                0x000110e0       0x94 Drivers\FEHPropeller.o
                0x000110e0                FEHPropeller::Initialize()
 .text._ZN12FEHPropeller12SetMotorRateEhhh
                0x00011174       0x78 Drivers\FEHPropeller.o
                0x00011174                FEHPropeller::SetMotorRate(unsigned char, unsigned char, unsigned char)
 .text._ZL5Delaymjj
                0x000111ec       0xc4 Libraries\FEHUtility.o
 .text._Z5Sleepi
                0x000112b0       0x34 Libraries\FEHUtility.o
                0x000112b0                Sleep(int)
 .text._Z5Sleepf
                0x000112e4       0x48 Libraries\FEHUtility.o
                0x000112e4                Sleep(float)
 *fill*         0x0001132c        0x4 00
 .text._Z5Sleepd
                0x00011330       0x58 Libraries\FEHUtility.o
                0x00011330                Sleep(double)
 .text._Z11TimeNowMSecv
                0x00011388       0x44 Libraries\FEHUtility.o
                0x00011388                TimeNowMSec()
 .text._ZN15DigitalInputPinC2EN5FEHIO8FEHIOPinE
                0x000113cc       0x24 Libraries\FEHIO.o
                0x000113cc                DigitalInputPin::DigitalInputPin(FEHIO::FEHIOPin)
                0x000113cc                DigitalInputPin::DigitalInputPin(FEHIO::FEHIOPin)
 .text._ZN15DigitalInputPinC2Ev
                0x000113f0       0x18 Libraries\FEHIO.o
                0x000113f0                DigitalInputPin::DigitalInputPin()
                0x000113f0                DigitalInputPin::DigitalInputPin()
 .text._ZN15DigitalInputPin10InitializeEN5FEHIO8FEHIOPinE
                0x00011408      0x224 Libraries\FEHIO.o
                0x00011408                DigitalInputPin::Initialize(FEHIO::FEHIOPin)
 .text._ZN15DigitalInputPin5ValueEv
                0x0001162c      0x148 Libraries\FEHIO.o
                0x0001162c                DigitalInputPin::Value()
 .text._ZN14AnalogInputPinC2EN5FEHIO8FEHIOPinE
                0x00011774       0x20 Libraries\FEHIO.o
                0x00011774                AnalogInputPin::AnalogInputPin(FEHIO::FEHIOPin)
                0x00011774                AnalogInputPin::AnalogInputPin(FEHIO::FEHIOPin)
 *fill*         0x00011794        0x4 00
 .text._ZN14AnalogInputPin5ValueEv
                0x00011798      0x1c0 Libraries\FEHIO.o
                0x00011798                AnalogInputPin::Value()
 .text._ZN10FEHEncoder12EncoderValueEv
                0x00011958       0xe4 Libraries\FEHIO.o
                0x00011958                FEHEncoder::EncoderValue()
 .text._ZN14AnalogInputPin8InitADCsEv
                0x00011a3c      0x120 Libraries\FEHIO.o
                0x00011a3c                AnalogInputPin::InitADCs()
 .text._Z8pit0_isrv
                0x00011b5c       0x34 Libraries\FEHIO.o
                0x00011b5c                pit0_isr()
 .text._ZN10FEHEncoder4InitEv
                0x00011b90       0x64 Libraries\FEHIO.o
                0x00011b90                FEHEncoder::Init()
 .text._ZN10FEHEncoder14SetCounterInitEj
                0x00011bf4       0x20 Libraries\FEHIO.o
                0x00011bf4                FEHEncoder::SetCounterInit(unsigned int)
 .text._ZN10FEHEncoderC2EN5FEHIO8FEHIOPinE
                0x00011c14      0x194 Libraries\FEHIO.o
                0x00011c14                FEHEncoder::FEHEncoder(FEHIO::FEHIOPin)
                0x00011c14                FEHEncoder::FEHEncoder(FEHIO::FEHIOPin)
 .text._ZN10FEHEncoder10ProcessIntEv
                0x00011da8       0x80 Libraries\FEHIO.o
                0x00011da8                FEHEncoder::ProcessInt()
 .text._ZN10FEHEncoder14ProcessIntSelfEv
                0x00011e28       0x80 Libraries\FEHIO.o
                0x00011e28                FEHEncoder::ProcessIntSelf()
 .text._ZN10FEHEncoder6CountsEv
                0x00011ea8       0x18 Libraries\FEHIO.o
                0x00011ea8                FEHEncoder::Counts()
 .text._ZN10FEHEncoder11ResetCountsEv
                0x00011ec0       0x1c Libraries\FEHIO.o
                0x00011ec0                FEHEncoder::ResetCounts()
 .text._ZN11ButtonBoardC2EN5FEHIO9FEHIOPortE
                0x00011edc      0x10c Libraries\FEHIO.o
                0x00011edc                ButtonBoard::ButtonBoard(FEHIO::FEHIOPort)
                0x00011edc                ButtonBoard::ButtonBoard(FEHIO::FEHIOPort)
 .text._ZN11ButtonBoard11LeftPressedEv
                0x00011fe8       0x24 Libraries\FEHIO.o
                0x00011fe8                ButtonBoard::LeftPressed()
 .text._ZN11ButtonBoard13MiddlePressedEv
                0x0001200c       0x28 Libraries\FEHIO.o
                0x0001200c                ButtonBoard::MiddlePressed()
 .text._ZN11ButtonBoard12RightPressedEv
                0x00012034       0x28 Libraries\FEHIO.o
                0x00012034                ButtonBoard::RightPressed()
 .text._Z7ADC_CalPV10ADC_MemMap
                0x0001205c      0x14c Drivers\adc16.o
                0x0001205c                ADC_Cal(ADC_MemMap volatile*)
 .text._Z14ADC_Config_AltPV10ADC_MemMapP7adc_cfg
                0x000121a8       0x6c Drivers\adc16.o
                0x000121a8                ADC_Config_Alt(ADC_MemMap volatile*, adc_cfg*)
 .text._ZN9FEHBuzzerC2Ev
                0x00012214       0x18 Libraries\FEHBuzzer.o
                0x00012214                FEHBuzzer::FEHBuzzer()
                0x00012214                FEHBuzzer::FEHBuzzer()
 .text._Z41__static_initialization_and_destruction_0ii
                0x0001222c       0x30 Libraries\FEHBuzzer.o
 .text._GLOBAL__sub_I_Buzzer
                0x0001225c       0x14 Libraries\FEHBuzzer.o
 .text._ZN8FEHServoC2ENS_12FEHServoPortE
                0x00012270       0x3c Libraries\FEHServo.o
                0x00012270                FEHServo::FEHServo(FEHServo::FEHServoPort)
                0x00012270                FEHServo::FEHServo(FEHServo::FEHServoPort)
 .text._ZN8FEHServo6SetMinEi
                0x000122ac       0x3c Libraries\FEHServo.o
                0x000122ac                FEHServo::SetMin(int)
 .text._ZN8FEHServo6SetMaxEi
                0x000122e8       0x3c Libraries\FEHServo.o
                0x000122e8                FEHServo::SetMax(int)
 *fill*         0x00012324        0x4 00
 .text._ZN8FEHServo9SetDegreeEf
                0x00012328      0x148 Libraries\FEHServo.o
                0x00012328                FEHServo::SetDegree(float)
 .text._ZN8FEHServo9DigitalOnEv
                0x00012470       0x64 Libraries\FEHServo.o
                0x00012470                FEHServo::DigitalOn()
 .text._ZN6FEHLCD11_InitializeEv
                0x000124d4      0x5c0 Libraries\FEHLCD.o
                0x000124d4                FEHLCD::_Initialize()
 .text._ZN6FEHLCDC2Ev
                0x00012a94       0x64 Libraries\FEHLCD.o
                0x00012a94                FEHLCD::FEHLCD()
                0x00012a94                FEHLCD::FEHLCD()
 .text._ZN6FEHLCD10InitializeEv
                0x00012af8       0x38 Libraries\FEHLCD.o
                0x00012af8                FEHLCD::Initialize()
 .text._ZN6FEHLCD10PrintImageEii
                0x00012b30       0xf4 Libraries\FEHLCD.o
                0x00012b30                FEHLCD::PrintImage(int, int)
 .text._ZN6FEHLCD22ConvertFEHColorTo24BitENS_11FEHLCDColorE
                0x00012c24       0x80 Libraries\FEHLCD.o
                0x00012c24                FEHLCD::ConvertFEHColorTo24Bit(FEHLCD::FEHLCDColor)
 .text._ZN6FEHLCD24Convert24BitColorTo16BitEj
                0x00012ca4       0x40 Libraries\FEHLCD.o
                0x00012ca4                FEHLCD::Convert24BitColorTo16Bit(unsigned int)
 .text._ZN6FEHLCD22ConvertRGBColorTo16BitEhhh
                0x00012ce4       0x44 Libraries\FEHLCD.o
                0x00012ce4                FEHLCD::ConvertRGBColorTo16Bit(unsigned char, unsigned char, unsigned char)
 .text._ZN6FEHLCD5ClearENS_11FEHLCDColorE
                0x00012d28       0x28 Libraries\FEHLCD.o
                0x00012d28                FEHLCD::Clear(FEHLCD::FEHLCDColor)
 .text._ZN6FEHLCD5ClearEj
                0x00012d50       0x2c Libraries\FEHLCD.o
                0x00012d50                FEHLCD::Clear(unsigned int)
 .text._ZN6FEHLCD5ClearEv
                0x00012d7c       0x18 Libraries\FEHLCD.o
                0x00012d7c                FEHLCD::Clear()
 .text._ZN6FEHLCD18SetBackgroundColorENS_11FEHLCDColorE
                0x00012d94       0x28 Libraries\FEHLCD.o
                0x00012d94                FEHLCD::SetBackgroundColor(FEHLCD::FEHLCDColor)
 .text._ZN6FEHLCD18SetBackgroundColorEj
                0x00012dbc       0x28 Libraries\FEHLCD.o
                0x00012dbc                FEHLCD::SetBackgroundColor(unsigned int)
 .text._ZN6FEHLCD12SetFontColorENS_11FEHLCDColorE
                0x00012de4       0x28 Libraries\FEHLCD.o
                0x00012de4                FEHLCD::SetFontColor(FEHLCD::FEHLCDColor)
 .text._ZN6FEHLCD12SetFontColorEj
                0x00012e0c       0x28 Libraries\FEHLCD.o
                0x00012e0c                FEHLCD::SetFontColor(unsigned int)
 .text._ZN6FEHLCD7WriteAtEPKcii
                0x00012e34       0x58 Libraries\FEHLCD.o
                0x00012e34                FEHLCD::WriteAt(char const*, int, int)
 .text._ZN6FEHLCD5WriteEPKc
                0x00012e8c       0x5c Libraries\FEHLCD.o
                0x00012e8c                FEHLCD::Write(char const*)
 .text._ZN6FEHLCD5WriteEi
                0x00012ee8       0x34 Libraries\FEHLCD.o
                0x00012ee8                FEHLCD::Write(int)
 .text._ZN6FEHLCD5WriteEf
                0x00012f1c       0xdc Libraries\FEHLCD.o
                0x00012f1c                FEHLCD::Write(float)
 .text._ZN6FEHLCD5WriteEc
                0x00012ff8       0x30 Libraries\FEHLCD.o
                0x00012ff8                FEHLCD::Write(char)
 .text._ZN6FEHLCD9WriteLineEPKc
                0x00013028       0x28 Libraries\FEHLCD.o
                0x00013028                FEHLCD::WriteLine(char const*)
 .text._ZN6FEHLCD9WriteLineEi
                0x00013050       0x28 Libraries\FEHLCD.o
                0x00013050                FEHLCD::WriteLine(int)
 .text._ZN6FEHLCD9WriteLineEf
                0x00013078       0x28 Libraries\FEHLCD.o
                0x00013078                FEHLCD::WriteLine(float)
 .text._ZN6FEHLCD9WriteLineEc
                0x000130a0       0x2c Libraries\FEHLCD.o
                0x000130a0                FEHLCD::WriteLine(char)
 .text._ZN6FEHLCD10WriteIndexEh
                0x000130cc      0x288 Libraries\FEHLCD.o
                0x000130cc                FEHLCD::WriteIndex(unsigned char)
 .text._ZN6FEHLCD14WriteParameterEh
                0x00013354      0x254 Libraries\FEHLCD.o
                0x00013354                FEHLCD::WriteParameter(unsigned char)
 .text._ZN6FEHLCD6_ClearEv
                0x000135a8      0x228 Libraries\FEHLCD.o
                0x000135a8                FEHLCD::_Clear()
 .text._ZN6FEHLCD8NextLineEv
                0x000137d0       0x30 Libraries\FEHLCD.o
                0x000137d0                FEHLCD::NextLine()
 .text._ZN6FEHLCD9CheckLineEv
                0x00013800       0x2c Libraries\FEHLCD.o
                0x00013800                FEHLCD::CheckLine()
 .text._ZN6FEHLCD8NextCharEv
                0x0001382c       0x34 Libraries\FEHLCD.o
                0x0001382c                FEHLCD::NextChar()
 .text._ZN6FEHLCD13SetDrawRegionEiiii
                0x00013860      0x10c Libraries\FEHLCD.o
                0x00013860                FEHLCD::SetDrawRegion(int, int, int, int)
 .text._ZN6FEHLCD9WriteCharEiic
                0x0001396c       0x40 Libraries\FEHLCD.o
                0x0001396c                FEHLCD::WriteChar(int, int, char)
 .text._ZN6FEHLCD11WriteCharAtEiic
                0x000139ac      0x278 Libraries\FEHLCD.o
                0x000139ac                FEHLCD::WriteCharAt(int, int, char)
 .text._ZN6FEHLCD11RepeatColorEv
                0x00013c24       0xbc Libraries\FEHLCD.o
                0x00013c24                FEHLCD::RepeatColor()
 .text._ZN6FEHLCD10_ForePixelEv
                0x00013ce0      0x160 Libraries\FEHLCD.o
                0x00013ce0                FEHLCD::_ForePixel()
 .text._ZN6FEHLCD10_BackPixelEv
                0x00013e40      0x160 Libraries\FEHLCD.o
                0x00013e40                FEHLCD::_BackPixel()
 .text._ZN6FEHLCD22SetRegisterColorValuesEv
                0x00013fa0      0x4c0 Libraries\FEHLCD.o
                0x00013fa0                FEHLCD::SetRegisterColorValues()
 .text._Z41__static_initialization_and_destruction_0ii
                0x00014460       0x30 Libraries\FEHLCD.o
 .text._GLOBAL__sub_I_image
                0x00014490       0x14 Libraries\FEHLCD.o
 .text._ZN10FEHBatteryC2EN5FEHIO8FEHIOPinE
                0x000144a4       0x24 Libraries\FEHBattery.o
                0x000144a4                FEHBattery::FEHBattery(FEHIO::FEHIOPin)
                0x000144a4                FEHBattery::FEHBattery(FEHIO::FEHIOPin)
 .text._Z41__static_initialization_and_destruction_0ii
                0x000144c8       0x34 Libraries\FEHBattery.o
 .text._GLOBAL__sub_I_Battery
                0x000144fc       0x14 Libraries\FEHBattery.o
 .text._ZN7FEHXBeeC2Ev
                0x00014510       0x20 Drivers\FEHXBee.o
                0x00014510                FEHXBee::FEHXBee()
                0x00014510                FEHXBee::FEHXBee()
 .text._ZN7FEHXBee10InitializeEv
                0x00014530      0x148 Drivers\FEHXBee.o
                0x00014530                FEHXBee::Initialize()
 .text._ZN7FEHXBee13IsInitializedEv
                0x00014678       0x18 Drivers\FEHXBee.o
                0x00014678                FEHXBee::IsInitialized()
 .text._ZN7FEHXBee17ReceiveDataSearchEPcjh
                0x00014690       0xb4 Drivers\FEHXBee.o
                0x00014690                FEHXBee::ReceiveDataSearch(char*, unsigned int, unsigned char)
 .text._ZN7FEHXBee8SendDataEPcj
                0x00014744       0x50 Drivers\FEHXBee.o
                0x00014744                FEHXBee::SendData(char*, unsigned int)
 .text._ZN7FEHXBee17SetPacketCallBackEPFvPhhE
                0x00014794       0x20 Drivers\FEHXBee.o
                0x00014794                FEHXBee::SetPacketCallBack(void (*)(unsigned char*, unsigned char))
 .text._Z9UART0_ISRv
                0x000147b4      0x174 Drivers\FEHXBee.o
                0x000147b4                UART0_ISR()
 .text._ZN8FEHWONKAC2Ev
                0x00014928       0x88 Libraries\FEHWONKA.o
                0x00014928                FEHWONKA::FEHWONKA()
                0x00014928                FEHWONKA::FEHWONKA()
 .text._ZN8FEHWONKA14InitializeMenuEv
                0x000149b0      0x1e8 Libraries\FEHWONKA.o
                0x000149b0                FEHWONKA::InitializeMenu()
 .text._ZN8FEHWONKA10InitializeEi
                0x00014b98      0x740 Libraries\FEHWONKA.o
                0x00014b98                FEHWONKA::Initialize(int)
 .text._ZN8FEHWONKA10InitializeEc
                0x000152d8       0x4c Libraries\FEHWONKA.o
                0x000152d8                FEHWONKA::Initialize(char)
 .text._ZN8FEHWONKA6EnableEv
                0x00015324       0x64 Libraries\FEHWONKA.o
                0x00015324                FEHWONKA::Enable()
 .text._ZN8FEHWONKA19CurrentRegionLetterEv
                0x00015388       0x20 Libraries\FEHWONKA.o
                0x00015388                FEHWONKA::CurrentRegionLetter()
 .text._ZN8FEHWONKA4OvenEv
                0x000153a8       0x24 Libraries\FEHWONKA.o
                0x000153a8                FEHWONKA::Oven()
 .text._ZN8FEHWONKA13WaitForPacketEv
                0x000153cc       0x78 Libraries\FEHWONKA.o
                0x000153cc                FEHWONKA::WaitForPacket()
 .text._ZN8FEHWONKA1XEv
                0x00015444       0x20 Libraries\FEHWONKA.o
                0x00015444                FEHWONKA::X()
 .text._ZN8FEHWONKA1YEv
                0x00015464       0x20 Libraries\FEHWONKA.o
                0x00015464                FEHWONKA::Y()
 .text._ZN8FEHWONKA7HeadingEv
                0x00015484       0x20 Libraries\FEHWONKA.o
                0x00015484                FEHWONKA::Heading()
 .text._Z16WONKADataProcessPhh
                0x000154a4      0x124 Libraries\FEHWONKA.o
                0x000154a4                WONKADataProcess(unsigned char*, unsigned char)
 .text._Z41__static_initialization_and_destruction_0ii
                0x000155c8       0x40 Libraries\FEHWONKA.o
 .text._GLOBAL__sub_I_WONKA
                0x00015608       0x14 Libraries\FEHWONKA.o
 .text.sprintf  0x0001561c       0x1c R:\fehqt\Proteus/EWL/lib/armv7e-m\libc.a(sprintf.o)
                0x0001561c                sprintf
 .text.__StringWrite
                0x00015638       0x28 R:\fehqt\Proteus/EWL/lib/armv7e-m\libc.a(vsnprintf.o)
                0x00015638                __StringWrite
 .text.vsnprintf
                0x00015660       0x34 R:\fehqt\Proteus/EWL/lib/armv7e-m\libc.a(vsnprintf.o)
                0x00015660                vsnprintf
 .text.exit     0x00015694       0x38 R:\fehqt\Proteus/EWL/lib/armv7e-m\libc.a(exit.o)
                0x00015694                exit
 .text.memcpy   0x000156cc       0x12 R:\fehqt\Proteus/EWL/lib/armv7e-m\libc.a(memcpy.o)
                0x000156cc                memcpy
 .text.memset   0x000156de        0xc R:\fehqt\Proteus/EWL/lib/armv7e-m\libc.a(memset.o)
                0x000156de                memset
 .text.long2str.isra.0
                0x000156ea      0x196 R:\fehqt\Proteus/EWL/lib/armv7e-m\libc.a(printformat_.o)
 .text.__pformatter_
                0x00015880      0x3f8 R:\fehqt\Proteus/EWL/lib/armv7e-m\libc.a(printformat_.o)
                0x00015880                __pformatter_
 .text.__sformatter
                0x00015c78      0x74e R:\fehqt\Proteus/EWL/lib/armv7e-m\libc.a(scanformat_.o)
                0x00015c78                __sformatter
 *fill*         0x000163c6        0x2 00
 .text.isalpha  0x000163c8       0x1c R:\fehqt\Proteus/EWL/lib/armv7e-m\libc.a(ctype_aeabi.o)
                0x000163c8                isalpha
 .text.isspace  0x000163e4       0x1c R:\fehqt\Proteus/EWL/lib/armv7e-m\libc.a(ctype_aeabi.o)
                0x000163e4                isspace
 .text.toupper  0x00016400        0xc R:\fehqt\Proteus/EWL/lib/armv7e-m\libc.a(ctype_aeabi.o)
                0x00016400                toupper
 .text.__strtoul
                0x0001640c      0x1dc R:\fehqt\Proteus/EWL/lib/armv7e-m\libc.a(__strtoul.o)
                0x0001640c                __strtoul
 .text.__fill_mem
                0x000165e8       0x76 R:\fehqt\Proteus/EWL/lib/armv7e-m\libc.a(__filll_mem.o)
                0x000165e8                __fill_mem
 .text.memchr   0x0001665e       0x1a R:\fehqt\Proteus/EWL/lib/armv7e-m\libc.a(memchr.o)
                0x0001665e                memchr
 .text.strchr   0x00016678       0x1c R:\fehqt\Proteus/EWL/lib/armv7e-m\libc.a(strchr.o)
                0x00016678                strchr
 .text.strlen   0x00016694       0x10 R:\fehqt\Proteus/EWL/lib/armv7e-m\libc.a(strlen.o)
                0x00016694                strlen
 .text.__init_cpp
                0x000166a4       0x4c R:\fehqt\Proteus/EWL/lib/armv7e-m\librt.a(gcc_ctor_dtor.o)
                0x000166a4                __init_cpp
 .text.__fini_cpp
                0x000166f0       0x34 R:\fehqt\Proteus/EWL/lib/armv7e-m\librt.a(gcc_ctor_dtor.o)
                0x000166f0                __fini_cpp
 .text.__copy_rom_section
                0x00016724       0x44 R:\fehqt\Proteus/EWL/lib/armv7e-m\librt.a(ROMCopy.o)
                0x00016724                __copy_rom_section
 .text.__copy_rom_sections_to_ram
                0x00016768       0x34 R:\fehqt\Proteus/EWL/lib/armv7e-m\librt.a(ROMCopy.o)
                0x00016768                __copy_rom_sections_to_ram
 .text.__destroy_global_chain
                0x0001679c       0x1c R:\fehqt\Proteus/EWL/lib/armv7e-m\librt.a(__arm_eabi_init.o)
                0x0001679c                __destroy_global_chain
 .text.__init_registers
                0x000167b8       0x20 R:\fehqt\Proteus/EWL/lib/armv7e-m\librt.a(__arm_eabi_init.o)
                0x000167b8                __init_registers
 .text.__init_user
                0x000167d8        0x4 R:\fehqt\Proteus/EWL/lib/armv7e-m\librt.a(__arm_eabi_init.o)
                0x000167d8                __init_user
 .text._ZNSt9bad_allocD2Ev
                0x000167dc        0xc R:\fehqt\Proteus/EWL/lib/armv7e-m\librt.a(New.o)
                0x000167dc                std::bad_alloc::~bad_alloc()
                0x000167dc                std::bad_alloc::~bad_alloc()
 .text._ZNKSt9bad_alloc4whatEv
                0x000167e8        0x8 R:\fehqt\Proteus/EWL/lib/armv7e-m\librt.a(New.o)
                0x000167e8                std::bad_alloc::what() const
 .text._Znwj    0x000167f0       0x4c R:\fehqt\Proteus/EWL/lib/armv7e-m\librt.a(New.o)
                0x000167f0                operator new(unsigned int)
 .text._ZdlPv   0x0001683c        0x8 R:\fehqt\Proteus/EWL/lib/armv7e-m\librt.a(New.o)
                0x0001683c                operator delete(void*)
 .text._ZNSt9bad_allocD0Ev
                0x00016844       0x14 R:\fehqt\Proteus/EWL/lib/armv7e-m\librt.a(New.o)
                0x00016844                std::bad_alloc::~bad_alloc()
 .text._ZNK10__cxxabiv117__class_type_info11__do_upcastEPKS0_PPv
                0x00016858       0x38 r:/fehqt/proteus/gcc/bin/../lib/gcc/arm-none-eabi/4.6.2/../../../../arm-none-eabi/lib/armv7e-m\libsupc++.a(class_type_info.o)
                0x00016858                __cxxabiv1::__class_type_info::__do_upcast(__cxxabiv1::__class_type_info const*, void**) const
 .text._ZNK10__cxxabiv117__class_type_info20__do_find_public_srcEiPKvPKS0_S2_
                0x00016890        0xc r:/fehqt/proteus/gcc/bin/../lib/gcc/arm-none-eabi/4.6.2/../../../../arm-none-eabi/lib/armv7e-m\libsupc++.a(class_type_info.o)
                0x00016890                __cxxabiv1::__class_type_info::__do_find_public_src(int, void const*, __cxxabiv1::__class_type_info const*, void const*) const
 .text._ZNK10__cxxabiv117__class_type_info11__do_upcastEPKS0_PKvRNS0_15__upcast_resultE
                0x0001689c       0x1c r:/fehqt/proteus/gcc/bin/../lib/gcc/arm-none-eabi/4.6.2/../../../../arm-none-eabi/lib/armv7e-m\libsupc++.a(class_type_info.o)
                0x0001689c                __cxxabiv1::__class_type_info::__do_upcast(__cxxabiv1::__class_type_info const*, void const*, __cxxabiv1::__class_type_info::__upcast_result&) const
 .text._ZN10__cxxabiv117__class_type_infoD2Ev
                0x000168b8       0x14 r:/fehqt/proteus/gcc/bin/../lib/gcc/arm-none-eabi/4.6.2/../../../../arm-none-eabi/lib/armv7e-m\libsupc++.a(class_type_info.o)
                0x000168b8                __cxxabiv1::__class_type_info::~__class_type_info()
                0x000168b8                __cxxabiv1::__class_type_info::~__class_type_info()
 .text._ZN10__cxxabiv117__class_type_infoD0Ev
                0x000168cc       0x1c r:/fehqt/proteus/gcc/bin/../lib/gcc/arm-none-eabi/4.6.2/../../../../arm-none-eabi/lib/armv7e-m\libsupc++.a(class_type_info.o)
                0x000168cc                __cxxabiv1::__class_type_info::~__class_type_info()
 .text._ZNK10__cxxabiv117__class_type_info12__do_dyncastEiNS0_10__sub_kindEPKS0_PKvS3_S5_RNS0_16__dyncast_resultE
                0x000168e8       0x3c r:/fehqt/proteus/gcc/bin/../lib/gcc/arm-none-eabi/4.6.2/../../../../arm-none-eabi/lib/armv7e-m\libsupc++.a(class_type_info.o)
                0x000168e8                __cxxabiv1::__class_type_info::__do_dyncast(int, __cxxabiv1::__class_type_info::__sub_kind, __cxxabiv1::__class_type_info const*, void const*, __cxxabiv1::__class_type_info const*, void const*, __cxxabiv1::__class_type_info::__dyncast_result&) const
 .text._ZNK10__cxxabiv117__class_type_info10__do_catchEPKSt9type_infoPPvj
                0x00016924       0x28 r:/fehqt/proteus/gcc/bin/../lib/gcc/arm-none-eabi/4.6.2/../../../../arm-none-eabi/lib/armv7e-m\libsupc++.a(class_type_info.o)
                0x00016924                __cxxabiv1::__class_type_info::__do_catch(std::type_info const*, void**, unsigned int) const
 .text.__cxa_allocate_exception
                0x0001694c       0x70 r:/fehqt/proteus/gcc/bin/../lib/gcc/arm-none-eabi/4.6.2/../../../../arm-none-eabi/lib/armv7e-m\libsupc++.a(eh_alloc.o)
                0x0001694c                __cxa_allocate_exception
 .text.__cxa_free_exception
                0x000169bc       0x34 r:/fehqt/proteus/gcc/bin/../lib/gcc/arm-none-eabi/4.6.2/../../../../arm-none-eabi/lib/armv7e-m\libsupc++.a(eh_alloc.o)
                0x000169bc                __cxa_free_exception
 .text.__cxa_end_cleanup
                0x000169f0        0xc r:/fehqt/proteus/gcc/bin/../lib/gcc/arm-none-eabi/4.6.2/../../../../arm-none-eabi/lib/armv7e-m\libsupc++.a(eh_arm.o)
                0x000169f0                __cxa_end_cleanup
 .text.__cxa_type_match
                0x000169fc       0xec r:/fehqt/proteus/gcc/bin/../lib/gcc/arm-none-eabi/4.6.2/../../../../arm-none-eabi/lib/armv7e-m\libsupc++.a(eh_arm.o)
                0x000169fc                __cxa_type_match
 .text.__cxa_begin_cleanup
                0x00016ae8       0x78 r:/fehqt/proteus/gcc/bin/../lib/gcc/arm-none-eabi/4.6.2/../../../../arm-none-eabi/lib/armv7e-m\libsupc++.a(eh_arm.o)
                0x00016ae8                __cxa_begin_cleanup
 .text.__gnu_end_cleanup
                0x00016b60       0x7c r:/fehqt/proteus/gcc/bin/../lib/gcc/arm-none-eabi/4.6.2/../../../../arm-none-eabi/lib/armv7e-m\libsupc++.a(eh_arm.o)
                0x00016b60                __gnu_end_cleanup
 .text.__cxa_bad_typeid
                0x00016bdc       0x24 r:/fehqt/proteus/gcc/bin/../lib/gcc/arm-none-eabi/4.6.2/../../../../arm-none-eabi/lib/armv7e-m\libsupc++.a(eh_aux_runtime.o)
                0x00016bdc                __cxa_bad_typeid
 .text.__cxa_call_terminate
                0x00016c00       0x50 r:/fehqt/proteus/gcc/bin/../lib/gcc/arm-none-eabi/4.6.2/../../../../arm-none-eabi/lib/armv7e-m\libsupc++.a(eh_call.o)
                0x00016c00                __cxa_call_terminate
 .text.__cxa_call_unexpected
                0x00016c50      0x120 r:/fehqt/proteus/gcc/bin/../lib/gcc/arm-none-eabi/4.6.2/../../../../arm-none-eabi/lib/armv7e-m\libsupc++.a(eh_call.o)
                0x00016c50                __cxa_call_unexpected
 .text.__cxa_begin_catch
                0x00016d70       0x98 r:/fehqt/proteus/gcc/bin/../lib/gcc/arm-none-eabi/4.6.2/../../../../arm-none-eabi/lib/armv7e-m\libsupc++.a(eh_catch.o)
                0x00016d70                __cxa_begin_catch
 .text.__cxa_end_catch
                0x00016e08       0x98 r:/fehqt/proteus/gcc/bin/../lib/gcc/arm-none-eabi/4.6.2/../../../../arm-none-eabi/lib/armv7e-m\libsupc++.a(eh_catch.o)
                0x00016e08                __cxa_end_catch
 .text._ZNSt9exceptionD2Ev
                0x00016ea0        0xc r:/fehqt/proteus/gcc/bin/../lib/gcc/arm-none-eabi/4.6.2/../../../../arm-none-eabi/lib/armv7e-m\libsupc++.a(eh_exception.o)
                0x00016ea0                std::exception::~exception()
                0x00016ea0                std::exception::~exception()
 .text._ZNSt13bad_exceptionD2Ev
                0x00016eac        0xc r:/fehqt/proteus/gcc/bin/../lib/gcc/arm-none-eabi/4.6.2/../../../../arm-none-eabi/lib/armv7e-m\libsupc++.a(eh_exception.o)
                0x00016eac                std::bad_exception::~bad_exception()
                0x00016eac                std::bad_exception::~bad_exception()
 .text._ZNKSt9exception4whatEv
                0x00016eb8        0xc r:/fehqt/proteus/gcc/bin/../lib/gcc/arm-none-eabi/4.6.2/../../../../arm-none-eabi/lib/armv7e-m\libsupc++.a(eh_exception.o)
                0x00016eb8                std::exception::what() const
 .text._ZNKSt13bad_exception4whatEv
                0x00016ec4        0xc r:/fehqt/proteus/gcc/bin/../lib/gcc/arm-none-eabi/4.6.2/../../../../arm-none-eabi/lib/armv7e-m\libsupc++.a(eh_exception.o)
                0x00016ec4                std::bad_exception::what() const
 .text._ZNSt13bad_exceptionD0Ev
                0x00016ed0       0x14 r:/fehqt/proteus/gcc/bin/../lib/gcc/arm-none-eabi/4.6.2/../../../../arm-none-eabi/lib/armv7e-m\libsupc++.a(eh_exception.o)
                0x00016ed0                std::bad_exception::~bad_exception()
 .text._ZNSt9exceptionD0Ev
                0x00016ee4       0x14 r:/fehqt/proteus/gcc/bin/../lib/gcc/arm-none-eabi/4.6.2/../../../../arm-none-eabi/lib/armv7e-m\libsupc++.a(eh_exception.o)
                0x00016ee4                std::exception::~exception()
 .text.__cxa_get_globals_fast
                0x00016ef8        0xc r:/fehqt/proteus/gcc/bin/../lib/gcc/arm-none-eabi/4.6.2/../../../../arm-none-eabi/lib/armv7e-m\libsupc++.a(eh_globals.o)
                0x00016ef8                __cxa_get_globals_fast
 .text.__cxa_get_globals
                0x00016f04        0xc r:/fehqt/proteus/gcc/bin/../lib/gcc/arm-none-eabi/4.6.2/../../../../arm-none-eabi/lib/armv7e-m\libsupc++.a(eh_globals.o)
                0x00016f04                __cxa_get_globals
 .text._ZL12read_sleb128PKhPl
                0x00016f10       0x3c r:/fehqt/proteus/gcc/bin/../lib/gcc/arm-none-eabi/4.6.2/../../../../arm-none-eabi/lib/armv7e-m\libsupc++.a(eh_personality.o)
 .text._ZL28read_encoded_value_with_basehjPKhPj
                0x00016f4c       0xa4 r:/fehqt/proteus/gcc/bin/../lib/gcc/arm-none-eabi/4.6.2/../../../../arm-none-eabi/lib/armv7e-m\libsupc++.a(eh_personality.o)
 .text._ZL21base_of_encoded_valuehP15_Unwind_Context
                0x00016ff0       0x4c r:/fehqt/proteus/gcc/bin/../lib/gcc/arm-none-eabi/4.6.2/../../../../arm-none-eabi/lib/armv7e-m\libsupc++.a(eh_personality.o)
 .text._ZL17parse_lsda_headerP15_Unwind_ContextPKhP16lsda_header_info.constprop.1
                0x0001703c       0x90 r:/fehqt/proteus/gcc/bin/../lib/gcc/arm-none-eabi/4.6.2/../../../../arm-none-eabi/lib/armv7e-m\libsupc++.a(eh_personality.o)
 .text.__gxx_personality_v0
                0x000170cc      0x3bc r:/fehqt/proteus/gcc/bin/../lib/gcc/arm-none-eabi/4.6.2/../../../../arm-none-eabi/lib/armv7e-m\libsupc++.a(eh_personality.o)
                0x000170cc                __gxx_personality_v0
 .text._ZN10__cxxabiv111__terminateEPFvvE
                0x00017488       0x28 r:/fehqt/proteus/gcc/bin/../lib/gcc/arm-none-eabi/4.6.2/../../../../arm-none-eabi/lib/armv7e-m\libsupc++.a(eh_terminate.o)
                0x00017488                __cxxabiv1::__terminate(void (*)())
 .text._ZSt9terminatev
                0x000174b0       0x10 r:/fehqt/proteus/gcc/bin/../lib/gcc/arm-none-eabi/4.6.2/../../../../arm-none-eabi/lib/armv7e-m\libsupc++.a(eh_terminate.o)
                0x000174b0                std::terminate()
 .text._ZN10__cxxabiv112__unexpectedEPFvvE
                0x000174c0        0x8 r:/fehqt/proteus/gcc/bin/../lib/gcc/arm-none-eabi/4.6.2/../../../../arm-none-eabi/lib/armv7e-m\libsupc++.a(eh_terminate.o)
                0x000174c0                __cxxabiv1::__unexpected(void (*)())
 .text._ZSt10unexpectedv
                0x000174c8       0x14 r:/fehqt/proteus/gcc/bin/../lib/gcc/arm-none-eabi/4.6.2/../../../../arm-none-eabi/lib/armv7e-m\libsupc++.a(eh_terminate.o)
                0x000174c8                std::unexpected()
 .text._ZL23__gxx_exception_cleanup19_Unwind_Reason_CodeP21_Unwind_Control_Block
                0x000174dc       0x4c r:/fehqt/proteus/gcc/bin/../lib/gcc/arm-none-eabi/4.6.2/../../../../arm-none-eabi/lib/armv7e-m\libsupc++.a(eh_throw.o)
 .text.__cxa_throw
                0x00017528       0x80 r:/fehqt/proteus/gcc/bin/../lib/gcc/arm-none-eabi/4.6.2/../../../../arm-none-eabi/lib/armv7e-m\libsupc++.a(eh_throw.o)
                0x00017528                __cxa_throw
 .text.__cxa_rethrow
                0x000175a8       0x78 r:/fehqt/proteus/gcc/bin/../lib/gcc/arm-none-eabi/4.6.2/../../../../arm-none-eabi/lib/armv7e-m\libsupc++.a(eh_throw.o)
                0x000175a8                __cxa_rethrow
 .text._ZN10__cxxabiv123__fundamental_type_infoD2Ev
                0x00017620       0x14 r:/fehqt/proteus/gcc/bin/../lib/gcc/arm-none-eabi/4.6.2/../../../../arm-none-eabi/lib/armv7e-m\libsupc++.a(fundamental_type_info.o)
                0x00017620                __cxxabiv1::__fundamental_type_info::~__fundamental_type_info()
                0x00017620                __cxxabiv1::__fundamental_type_info::~__fundamental_type_info()
 .text._ZN10__cxxabiv123__fundamental_type_infoD0Ev
                0x00017634       0x1c r:/fehqt/proteus/gcc/bin/../lib/gcc/arm-none-eabi/4.6.2/../../../../arm-none-eabi/lib/armv7e-m\libsupc++.a(fundamental_type_info.o)
                0x00017634                __cxxabiv1::__fundamental_type_info::~__fundamental_type_info()
 .text._ZNK10__cxxabiv119__pointer_type_info14__is_pointer_pEv
                0x00017650        0x4 r:/fehqt/proteus/gcc/bin/../lib/gcc/arm-none-eabi/4.6.2/../../../../arm-none-eabi/lib/armv7e-m\libsupc++.a(pointer_type_info.o)
                0x00017650                __cxxabiv1::__pointer_type_info::__is_pointer_p() const
 .text._ZN10__cxxabiv119__pointer_type_infoD2Ev
                0x00017654       0x14 r:/fehqt/proteus/gcc/bin/../lib/gcc/arm-none-eabi/4.6.2/../../../../arm-none-eabi/lib/armv7e-m\libsupc++.a(pointer_type_info.o)
                0x00017654                __cxxabiv1::__pointer_type_info::~__pointer_type_info()
                0x00017654                __cxxabiv1::__pointer_type_info::~__pointer_type_info()
 .text._ZN10__cxxabiv119__pointer_type_infoD0Ev
                0x00017668       0x1c r:/fehqt/proteus/gcc/bin/../lib/gcc/arm-none-eabi/4.6.2/../../../../arm-none-eabi/lib/armv7e-m\libsupc++.a(pointer_type_info.o)
                0x00017668                __cxxabiv1::__pointer_type_info::~__pointer_type_info()
 .text._ZNK10__cxxabiv119__pointer_type_info15__pointer_catchEPKNS_17__pbase_type_infoEPPvj
                0x00017684       0x44 r:/fehqt/proteus/gcc/bin/../lib/gcc/arm-none-eabi/4.6.2/../../../../arm-none-eabi/lib/armv7e-m\libsupc++.a(pointer_type_info.o)
                0x00017684                __cxxabiv1::__pointer_type_info::__pointer_catch(__cxxabiv1::__pbase_type_info const*, void**, unsigned int) const
 .text._ZN10__cxxabiv120__si_class_type_infoD2Ev
                0x000176c8       0x14 r:/fehqt/proteus/gcc/bin/../lib/gcc/arm-none-eabi/4.6.2/../../../../arm-none-eabi/lib/armv7e-m\libsupc++.a(si_class_type_info.o)
                0x000176c8                __cxxabiv1::__si_class_type_info::~__si_class_type_info()
                0x000176c8                __cxxabiv1::__si_class_type_info::~__si_class_type_info()
 .text._ZN10__cxxabiv120__si_class_type_infoD0Ev
                0x000176dc       0x1c r:/fehqt/proteus/gcc/bin/../lib/gcc/arm-none-eabi/4.6.2/../../../../arm-none-eabi/lib/armv7e-m\libsupc++.a(si_class_type_info.o)
                0x000176dc                __cxxabiv1::__si_class_type_info::~__si_class_type_info()
 .text._ZNK10__cxxabiv120__si_class_type_info11__do_upcastEPKNS_17__class_type_infoEPKvRNS1_15__upcast_resultE
                0x000176f8       0x24 r:/fehqt/proteus/gcc/bin/../lib/gcc/arm-none-eabi/4.6.2/../../../../arm-none-eabi/lib/armv7e-m\libsupc++.a(si_class_type_info.o)
                0x000176f8                __cxxabiv1::__si_class_type_info::__do_upcast(__cxxabiv1::__class_type_info const*, void const*, __cxxabiv1::__class_type_info::__upcast_result&) const
 .text._ZNK10__cxxabiv120__si_class_type_info12__do_dyncastEiNS_17__class_type_info10__sub_kindEPKS1_PKvS4_S6_RNS1_16__dyncast_resultE
                0x0001771c       0x94 r:/fehqt/proteus/gcc/bin/../lib/gcc/arm-none-eabi/4.6.2/../../../../arm-none-eabi/lib/armv7e-m\libsupc++.a(si_class_type_info.o)
                0x0001771c                __cxxabiv1::__si_class_type_info::__do_dyncast(int, __cxxabiv1::__class_type_info::__sub_kind, __cxxabiv1::__class_type_info const*, void const*, __cxxabiv1::__class_type_info const*, void const*, __cxxabiv1::__class_type_info::__dyncast_result&) const
 .text._ZNK10__cxxabiv120__si_class_type_info20__do_find_public_srcEiPKvPKNS_17__class_type_infoES2_
                0x000177b0       0x34 r:/fehqt/proteus/gcc/bin/../lib/gcc/arm-none-eabi/4.6.2/../../../../arm-none-eabi/lib/armv7e-m\libsupc++.a(si_class_type_info.o)
                0x000177b0                __cxxabiv1::__si_class_type_info::__do_find_public_src(int, void const*, __cxxabiv1::__class_type_info const*, void const*) const
 .text._ZNSt9type_infoD2Ev
                0x000177e4        0xc r:/fehqt/proteus/gcc/bin/../lib/gcc/arm-none-eabi/4.6.2/../../../../arm-none-eabi/lib/armv7e-m\libsupc++.a(tinfo.o)
                0x000177e4                std::type_info::~type_info()
                0x000177e4                std::type_info::~type_info()
 .text._ZNKSt9type_info14__is_pointer_pEv
                0x000177f0        0x4 r:/fehqt/proteus/gcc/bin/../lib/gcc/arm-none-eabi/4.6.2/../../../../arm-none-eabi/lib/armv7e-m\libsupc++.a(tinfo.o)
                0x000177f0                std::type_info::__is_pointer_p() const
 .text._ZNKSt9type_info15__is_function_pEv
                0x000177f4        0x4 r:/fehqt/proteus/gcc/bin/../lib/gcc/arm-none-eabi/4.6.2/../../../../arm-none-eabi/lib/armv7e-m\libsupc++.a(tinfo.o)
                0x000177f4                std::type_info::__is_function_p() const
 .text._ZNKSt9type_info11__do_upcastEPKN10__cxxabiv117__class_type_infoEPPv
                0x000177f8        0x4 r:/fehqt/proteus/gcc/bin/../lib/gcc/arm-none-eabi/4.6.2/../../../../arm-none-eabi/lib/armv7e-m\libsupc++.a(tinfo.o)
                0x000177f8                std::type_info::__do_upcast(__cxxabiv1::__class_type_info const*, void**) const
 .text._ZNSt9type_infoD0Ev
                0x000177fc       0x14 r:/fehqt/proteus/gcc/bin/../lib/gcc/arm-none-eabi/4.6.2/../../../../arm-none-eabi/lib/armv7e-m\libsupc++.a(tinfo.o)
                0x000177fc                std::type_info::~type_info()
 .text._ZNKSt9type_infoeqERKS_
                0x00017810       0x30 r:/fehqt/proteus/gcc/bin/../lib/gcc/arm-none-eabi/4.6.2/../../../../arm-none-eabi/lib/armv7e-m\libsupc++.a(tinfo.o)
                0x00017810                std::type_info::operator==(std::type_info const&) const
 .text._ZNKSt9type_info10__do_catchEPKS_PPvj
                0x00017840        0x4 r:/fehqt/proteus/gcc/bin/../lib/gcc/arm-none-eabi/4.6.2/../../../../arm-none-eabi/lib/armv7e-m\libsupc++.a(tinfo.o)
                0x00017840                std::type_info::__do_catch(std::type_info const*, void**, unsigned int) const
 .text._ZNKSt10bad_typeid4whatEv
                0x00017844        0xc r:/fehqt/proteus/gcc/bin/../lib/gcc/arm-none-eabi/4.6.2/../../../../arm-none-eabi/lib/armv7e-m\libsupc++.a(bad_typeid.o)
                0x00017844                std::bad_typeid::what() const
 .text._ZNSt10bad_typeidD2Ev
                0x00017850       0x14 r:/fehqt/proteus/gcc/bin/../lib/gcc/arm-none-eabi/4.6.2/../../../../arm-none-eabi/lib/armv7e-m\libsupc++.a(bad_typeid.o)
                0x00017850                std::bad_typeid::~bad_typeid()
                0x00017850                std::bad_typeid::~bad_typeid()
 .text._ZNSt10bad_typeidD0Ev
                0x00017864       0x1c r:/fehqt/proteus/gcc/bin/../lib/gcc/arm-none-eabi/4.6.2/../../../../arm-none-eabi/lib/armv7e-m\libsupc++.a(bad_typeid.o)
                0x00017864                std::bad_typeid::~bad_typeid()
 .text._ZNK10__cxxabiv117__pbase_type_info15__pointer_catchEPKS0_PPvj
                0x00017880       0x10 r:/fehqt/proteus/gcc/bin/../lib/gcc/arm-none-eabi/4.6.2/../../../../arm-none-eabi/lib/armv7e-m\libsupc++.a(pbase_type_info.o)
                0x00017880                __cxxabiv1::__pbase_type_info::__pointer_catch(__cxxabiv1::__pbase_type_info const*, void**, unsigned int) const
 .text._ZN10__cxxabiv117__pbase_type_infoD2Ev
                0x00017890       0x14 r:/fehqt/proteus/gcc/bin/../lib/gcc/arm-none-eabi/4.6.2/../../../../arm-none-eabi/lib/armv7e-m\libsupc++.a(pbase_type_info.o)
                0x00017890                __cxxabiv1::__pbase_type_info::~__pbase_type_info()
                0x00017890                __cxxabiv1::__pbase_type_info::~__pbase_type_info()
 .text._ZN10__cxxabiv117__pbase_type_infoD0Ev
                0x000178a4       0x1c r:/fehqt/proteus/gcc/bin/../lib/gcc/arm-none-eabi/4.6.2/../../../../arm-none-eabi/lib/armv7e-m\libsupc++.a(pbase_type_info.o)
                0x000178a4                __cxxabiv1::__pbase_type_info::~__pbase_type_info()
 .text._ZNK10__cxxabiv117__pbase_type_info10__do_catchEPKSt9type_infoPPvj
                0x000178c0       0x68 r:/fehqt/proteus/gcc/bin/../lib/gcc/arm-none-eabi/4.6.2/../../../../arm-none-eabi/lib/armv7e-m\libsupc++.a(pbase_type_info.o)
                0x000178c0                __cxxabiv1::__pbase_type_info::__do_catch(std::type_info const*, void**, unsigned int) const
 .text.abort    0x00017928       0x24 R:\fehqt\Proteus/EWL/lib/armv7e-m\libc.a(abort.o)
                0x00017928                abort
 .text.sbrk     0x0001794c       0x28 R:\fehqt\Proteus/EWL/lib/armv7e-m\libc.a(alloc.o)
                0x0001794c                sbrk
 .text.malloc   0x00017974      0x110 R:\fehqt\Proteus/EWL/lib/armv7e-m\libc.a(alloc.o)
                0x00017974                malloc
 .text.free     0x00017a84       0x10 R:\fehqt\Proteus/EWL/lib/armv7e-m\libc.a(alloc.o)
                0x00017a84                free
 .text.strcmp   0x00017a94       0x18 R:\fehqt\Proteus/EWL/lib/armv7e-m\libc.a(strcmp.o)
                0x00017a94                strcmp
 .text.raise    0x00017aac       0x3c R:\fehqt\Proteus/EWL/lib/armv7e-m\libc.a(raise.o)
                0x00017aac                raise
 *(.rodata)
 .rodata        0x00017ae8       0x90 ..\main.o
 .rodata        0x00017b78      0x290 ..\robot.o
 .rodata        0x00017e08       0x34 Libraries\FEHLCD.o
 .rodata        0x00017e3c      0x16c Libraries\FEHWONKA.o
 *(.rodata*)
 .rodata._ZL9GPIOPorts
                0x00017fa8       0x20 Libraries\FEHIO.o
 .rodata._ZL10ADCNumbers
                0x00017fc8       0x24 Libraries\FEHIO.o
 .rodata._ZL14GPIOPinNumbers
                0x00017fec       0x80 Libraries\FEHIO.o
 .rodata._ZL16AnalogPinNumbers
                0x0001806c       0x84 Libraries\FEHIO.o
 .rodata.str1.1
                0x00000000        0x0 R:\fehqt\Proteus/EWL/lib/armv7e-m\libc.a(printformat_.o)
                                  0x1 (size before relaxing)
 .rodata.__aeabi_ctype_table_C
                0x000180f0      0x101 R:\fehqt\Proteus/EWL/lib/armv7e-m\libc.a(ctype_aeabi.o)
                0x000180f0                __aeabi_ctype_table_C
 *fill*         0x000181f1        0x7 00
 .rodata._ZTVSt9bad_alloc
                0x000181f8       0x18 R:\fehqt\Proteus/EWL/lib/armv7e-m\librt.a(New.o)
                0x000181f8                vtable for std::bad_alloc
 .rodata._ZTISt9bad_alloc
                0x00018210        0xc R:\fehqt\Proteus/EWL/lib/armv7e-m\librt.a(New.o)
                0x00018210                typeinfo for std::bad_alloc
 .rodata._ZTSSt9bad_alloc
                0x0001821c        0xd R:\fehqt\Proteus/EWL/lib/armv7e-m\librt.a(New.o)
                0x0001821c                typeinfo name for std::bad_alloc
 .rodata.str1.1
                0x00018229       0x14 R:\fehqt\Proteus/EWL/lib/armv7e-m\librt.a(New.o)
 *fill*         0x0001823d        0x3 00
 .rodata._ZTVN10__cxxabiv117__class_type_infoE
                0x00018240       0x30 r:/fehqt/proteus/gcc/bin/../lib/gcc/arm-none-eabi/4.6.2/../../../../arm-none-eabi/lib/armv7e-m\libsupc++.a(class_type_info.o)
                0x00018240                vtable for __cxxabiv1::__class_type_info
 .rodata._ZTIN10__cxxabiv117__class_type_infoE
                0x00018270        0xc r:/fehqt/proteus/gcc/bin/../lib/gcc/arm-none-eabi/4.6.2/../../../../arm-none-eabi/lib/armv7e-m\libsupc++.a(class_type_info.o)
                0x00018270                typeinfo for __cxxabiv1::__class_type_info
 .rodata._ZTSN10__cxxabiv117__class_type_infoE
                0x0001827c       0x24 r:/fehqt/proteus/gcc/bin/../lib/gcc/arm-none-eabi/4.6.2/../../../../arm-none-eabi/lib/armv7e-m\libsupc++.a(class_type_info.o)
                0x0001827c                typeinfo name for __cxxabiv1::__class_type_info
 .rodata._ZTVSt9exception
                0x000182a0       0x18 r:/fehqt/proteus/gcc/bin/../lib/gcc/arm-none-eabi/4.6.2/../../../../arm-none-eabi/lib/armv7e-m\libsupc++.a(eh_exception.o)
                0x000182a0                vtable for std::exception
 .rodata._ZTIN10__cxxabiv115__forced_unwindE
                0x000182b8        0x8 r:/fehqt/proteus/gcc/bin/../lib/gcc/arm-none-eabi/4.6.2/../../../../arm-none-eabi/lib/armv7e-m\libsupc++.a(eh_exception.o)
                0x000182b8                typeinfo for __cxxabiv1::__forced_unwind
 .rodata._ZTISt9exception
                0x000182c0        0x8 r:/fehqt/proteus/gcc/bin/../lib/gcc/arm-none-eabi/4.6.2/../../../../arm-none-eabi/lib/armv7e-m\libsupc++.a(eh_exception.o)
                0x000182c0                typeinfo for std::exception
 .rodata._ZTSSt13bad_exception
                0x000182c8       0x14 r:/fehqt/proteus/gcc/bin/../lib/gcc/arm-none-eabi/4.6.2/../../../../arm-none-eabi/lib/armv7e-m\libsupc++.a(eh_exception.o)
                0x000182c8                typeinfo name for std::bad_exception
 .rodata.str1.4
                0x000182dc       0x23 r:/fehqt/proteus/gcc/bin/../lib/gcc/arm-none-eabi/4.6.2/../../../../arm-none-eabi/lib/armv7e-m\libsupc++.a(eh_exception.o)
                                 0x24 (size before relaxing)
 *fill*         0x000182ff        0x1 00
 .rodata._ZTSN10__cxxabiv119__foreign_exceptionE
                0x00018300       0x24 r:/fehqt/proteus/gcc/bin/../lib/gcc/arm-none-eabi/4.6.2/../../../../arm-none-eabi/lib/armv7e-m\libsupc++.a(eh_exception.o)
                0x00018300                typeinfo name for __cxxabiv1::__foreign_exception
 .rodata._ZTIN10__cxxabiv119__foreign_exceptionE
                0x00018324        0x8 r:/fehqt/proteus/gcc/bin/../lib/gcc/arm-none-eabi/4.6.2/../../../../arm-none-eabi/lib/armv7e-m\libsupc++.a(eh_exception.o)
                0x00018324                typeinfo for __cxxabiv1::__foreign_exception
 *fill*         0x0001832c        0x4 00
 .rodata._ZTVSt13bad_exception
                0x00018330       0x18 r:/fehqt/proteus/gcc/bin/../lib/gcc/arm-none-eabi/4.6.2/../../../../arm-none-eabi/lib/armv7e-m\libsupc++.a(eh_exception.o)
                0x00018330                vtable for std::bad_exception
 .rodata._ZTSSt9exception
                0x00018348       0x10 r:/fehqt/proteus/gcc/bin/../lib/gcc/arm-none-eabi/4.6.2/../../../../arm-none-eabi/lib/armv7e-m\libsupc++.a(eh_exception.o)
                0x00018348                typeinfo name for std::exception
 .rodata._ZTSN10__cxxabiv115__forced_unwindE
                0x00018358       0x20 r:/fehqt/proteus/gcc/bin/../lib/gcc/arm-none-eabi/4.6.2/../../../../arm-none-eabi/lib/armv7e-m\libsupc++.a(eh_exception.o)
                0x00018358                typeinfo name for __cxxabiv1::__forced_unwind
 .rodata._ZTISt13bad_exception
                0x00018378        0xc r:/fehqt/proteus/gcc/bin/../lib/gcc/arm-none-eabi/4.6.2/../../../../arm-none-eabi/lib/armv7e-m\libsupc++.a(eh_exception.o)
                0x00018378                typeinfo for std::bad_exception
 .rodata._ZTIPv
                0x00018384       0x10 r:/fehqt/proteus/gcc/bin/../lib/gcc/arm-none-eabi/4.6.2/../../../../arm-none-eabi/lib/armv7e-m\libsupc++.a(fundamental_type_info.o)
                0x00018384                typeinfo for void*
 .rodata._ZTIv  0x00018394        0x8 r:/fehqt/proteus/gcc/bin/../lib/gcc/arm-none-eabi/4.6.2/../../../../arm-none-eabi/lib/armv7e-m\libsupc++.a(fundamental_type_info.o)
                0x00018394                typeinfo for void
 .rodata._ZTSPv
                0x0001839c        0x4 r:/fehqt/proteus/gcc/bin/../lib/gcc/arm-none-eabi/4.6.2/../../../../arm-none-eabi/lib/armv7e-m\libsupc++.a(fundamental_type_info.o)
                0x0001839c                typeinfo name for void*
 .rodata._ZTSv  0x000183a0        0x4 r:/fehqt/proteus/gcc/bin/../lib/gcc/arm-none-eabi/4.6.2/../../../../arm-none-eabi/lib/armv7e-m\libsupc++.a(fundamental_type_info.o)
                0x000183a0                typeinfo name for void
 .rodata._ZTIN10__cxxabiv123__fundamental_type_infoE
                0x000183a4        0xc r:/fehqt/proteus/gcc/bin/../lib/gcc/arm-none-eabi/4.6.2/../../../../arm-none-eabi/lib/armv7e-m\libsupc++.a(fundamental_type_info.o)
                0x000183a4                typeinfo for __cxxabiv1::__fundamental_type_info
 .rodata._ZTSN10__cxxabiv123__fundamental_type_infoE
                0x000183b0       0x28 r:/fehqt/proteus/gcc/bin/../lib/gcc/arm-none-eabi/4.6.2/../../../../arm-none-eabi/lib/armv7e-m\libsupc++.a(fundamental_type_info.o)
                0x000183b0                typeinfo name for __cxxabiv1::__fundamental_type_info
 .rodata._ZTVN10__cxxabiv123__fundamental_type_infoE
                0x000183d8       0x20 r:/fehqt/proteus/gcc/bin/../lib/gcc/arm-none-eabi/4.6.2/../../../../arm-none-eabi/lib/armv7e-m\libsupc++.a(fundamental_type_info.o)
                0x000183d8                vtable for __cxxabiv1::__fundamental_type_info
 .rodata._ZTSN10__cxxabiv119__pointer_type_infoE
                0x000183f8       0x24 r:/fehqt/proteus/gcc/bin/../lib/gcc/arm-none-eabi/4.6.2/../../../../arm-none-eabi/lib/armv7e-m\libsupc++.a(pointer_type_info.o)
                0x000183f8                typeinfo name for __cxxabiv1::__pointer_type_info
 .rodata._ZTIN10__cxxabiv119__pointer_type_infoE
                0x0001841c        0xc r:/fehqt/proteus/gcc/bin/../lib/gcc/arm-none-eabi/4.6.2/../../../../arm-none-eabi/lib/armv7e-m\libsupc++.a(pointer_type_info.o)
                0x0001841c                typeinfo for __cxxabiv1::__pointer_type_info
 .rodata._ZTVN10__cxxabiv119__pointer_type_infoE
                0x00018428       0x28 r:/fehqt/proteus/gcc/bin/../lib/gcc/arm-none-eabi/4.6.2/../../../../arm-none-eabi/lib/armv7e-m\libsupc++.a(pointer_type_info.o)
                0x00018428                vtable for __cxxabiv1::__pointer_type_info
 .rodata._ZTVN10__cxxabiv120__si_class_type_infoE
                0x00018450       0x30 r:/fehqt/proteus/gcc/bin/../lib/gcc/arm-none-eabi/4.6.2/../../../../arm-none-eabi/lib/armv7e-m\libsupc++.a(si_class_type_info.o)
                0x00018450                vtable for __cxxabiv1::__si_class_type_info
 .rodata._ZTIN10__cxxabiv120__si_class_type_infoE
                0x00018480        0xc r:/fehqt/proteus/gcc/bin/../lib/gcc/arm-none-eabi/4.6.2/../../../../arm-none-eabi/lib/armv7e-m\libsupc++.a(si_class_type_info.o)
                0x00018480                typeinfo for __cxxabiv1::__si_class_type_info
 .rodata._ZTSN10__cxxabiv120__si_class_type_infoE
                0x0001848c       0x28 r:/fehqt/proteus/gcc/bin/../lib/gcc/arm-none-eabi/4.6.2/../../../../arm-none-eabi/lib/armv7e-m\libsupc++.a(si_class_type_info.o)
                0x0001848c                typeinfo name for __cxxabiv1::__si_class_type_info
 .rodata._ZTISt9type_info
                0x000184b4        0x8 r:/fehqt/proteus/gcc/bin/../lib/gcc/arm-none-eabi/4.6.2/../../../../arm-none-eabi/lib/armv7e-m\libsupc++.a(tinfo.o)
                0x000184b4                typeinfo for std::type_info
 .rodata._ZTSSt9type_info
                0x000184bc       0x10 r:/fehqt/proteus/gcc/bin/../lib/gcc/arm-none-eabi/4.6.2/../../../../arm-none-eabi/lib/armv7e-m\libsupc++.a(tinfo.o)
                0x000184bc                typeinfo name for std::type_info
 *fill*         0x000184cc        0x4 00
 .rodata._ZTVSt9type_info
                0x000184d0       0x20 r:/fehqt/proteus/gcc/bin/../lib/gcc/arm-none-eabi/4.6.2/../../../../arm-none-eabi/lib/armv7e-m\libsupc++.a(tinfo.o)
                0x000184d0                vtable for std::type_info
 .rodata._ZTVSt10bad_typeid
                0x000184f0       0x18 r:/fehqt/proteus/gcc/bin/../lib/gcc/arm-none-eabi/4.6.2/../../../../arm-none-eabi/lib/armv7e-m\libsupc++.a(bad_typeid.o)
                0x000184f0                vtable for std::bad_typeid
 .rodata._ZTISt10bad_typeid
                0x00018508        0xc r:/fehqt/proteus/gcc/bin/../lib/gcc/arm-none-eabi/4.6.2/../../../../arm-none-eabi/lib/armv7e-m\libsupc++.a(bad_typeid.o)
                0x00018508                typeinfo for std::bad_typeid
 .rodata.str1.4
                0x00018514       0x10 r:/fehqt/proteus/gcc/bin/../lib/gcc/arm-none-eabi/4.6.2/../../../../arm-none-eabi/lib/armv7e-m\libsupc++.a(bad_typeid.o)
 .rodata._ZTSSt10bad_typeid
                0x00018524       0x10 r:/fehqt/proteus/gcc/bin/../lib/gcc/arm-none-eabi/4.6.2/../../../../arm-none-eabi/lib/armv7e-m\libsupc++.a(bad_typeid.o)
                0x00018524                typeinfo name for std::bad_typeid
 .rodata._ZTIN10__cxxabiv117__pbase_type_infoE
                0x00018534        0xc r:/fehqt/proteus/gcc/bin/../lib/gcc/arm-none-eabi/4.6.2/../../../../arm-none-eabi/lib/armv7e-m\libsupc++.a(pbase_type_info.o)
                0x00018534                typeinfo for __cxxabiv1::__pbase_type_info
 .rodata._ZTSN10__cxxabiv117__pbase_type_infoE
                0x00018540       0x24 r:/fehqt/proteus/gcc/bin/../lib/gcc/arm-none-eabi/4.6.2/../../../../arm-none-eabi/lib/armv7e-m\libsupc++.a(pbase_type_info.o)
                0x00018540                typeinfo name for __cxxabiv1::__pbase_type_info
 *fill*         0x00018564        0x4 00
 .rodata._ZTVN10__cxxabiv117__pbase_type_infoE
                0x00018568       0x28 r:/fehqt/proteus/gcc/bin/../lib/gcc/arm-none-eabi/4.6.2/../../../../arm-none-eabi/lib/armv7e-m\libsupc++.a(pbase_type_info.o)
                0x00018568                vtable for __cxxabiv1::__pbase_type_info
 *(.glue_7)
 .glue_7        0x00000000        0x0 linker stubs
 *(.glue_7t)
 .glue_7t       0x00000000        0x0 linker stubs
 *(.eh_frame)
 *(.init)
 *(.fini)
                0x00018590                . = ALIGN (0x4)
                0x00018590                _etext = .

.vfp11_veneer   0x00018590        0x0
 .vfp11_veneer  0x00000000        0x0 linker stubs

.v4_bx          0x00018590        0x0
 .v4_bx         0x00000000        0x0 linker stubs

.ARM.extab      0x00018590      0x114
 *(.ARM.extab* .gnu.linkonce.armextab.*)
 .ARM.extab.text._ZNSt9bad_allocD2Ev
                0x00018590        0x0 R:\fehqt\Proteus/EWL/lib/armv7e-m\librt.a(New.o)
 .ARM.extab.text._ZNKSt9bad_alloc4whatEv
                0x00018590        0x0 R:\fehqt\Proteus/EWL/lib/armv7e-m\librt.a(New.o)
 .ARM.extab.text._Znwj
                0x00018590       0x20 R:\fehqt\Proteus/EWL/lib/armv7e-m\librt.a(New.o)
 .ARM.extab.text._ZNSt9bad_allocD0Ev
                0x000185b0        0x0 R:\fehqt\Proteus/EWL/lib/armv7e-m\librt.a(New.o)
 .ARM.extab.text.__cxa_bad_typeid
                0x000185b0        0xc r:/fehqt/proteus/gcc/bin/../lib/gcc/arm-none-eabi/4.6.2/../../../../arm-none-eabi/lib/armv7e-m\libsupc++.a(eh_aux_runtime.o)
 .ARM.extab.text.__cxa_call_unexpected
                0x000185bc       0x28 r:/fehqt/proteus/gcc/bin/../lib/gcc/arm-none-eabi/4.6.2/../../../../arm-none-eabi/lib/armv7e-m\libsupc++.a(eh_call.o)
 .ARM.extab.text.__cxa_begin_catch
                0x000185e4       0x20 r:/fehqt/proteus/gcc/bin/../lib/gcc/arm-none-eabi/4.6.2/../../../../arm-none-eabi/lib/armv7e-m\libsupc++.a(eh_catch.o)
 .ARM.extab.text._ZL21base_of_encoded_valuehP15_Unwind_Context
                0x00018604        0xc r:/fehqt/proteus/gcc/bin/../lib/gcc/arm-none-eabi/4.6.2/../../../../arm-none-eabi/lib/armv7e-m\libsupc++.a(eh_personality.o)
 .ARM.extab.text.__gxx_personality_v0
                0x00018610       0x20 r:/fehqt/proteus/gcc/bin/../lib/gcc/arm-none-eabi/4.6.2/../../../../arm-none-eabi/lib/armv7e-m\libsupc++.a(eh_personality.o)
 .ARM.extab.text._ZN10__cxxabiv111__terminateEPFvvE
                0x00018630       0x2c r:/fehqt/proteus/gcc/bin/../lib/gcc/arm-none-eabi/4.6.2/../../../../arm-none-eabi/lib/armv7e-m\libsupc++.a(eh_terminate.o)
 .ARM.extab.text._ZN10__cxxabiv112__unexpectedEPFvvE
                0x0001865c        0xc r:/fehqt/proteus/gcc/bin/../lib/gcc/arm-none-eabi/4.6.2/../../../../arm-none-eabi/lib/armv7e-m\libsupc++.a(eh_terminate.o)
 .ARM.extab.text._ZSt10unexpectedv
                0x00018668        0xc r:/fehqt/proteus/gcc/bin/../lib/gcc/arm-none-eabi/4.6.2/../../../../arm-none-eabi/lib/armv7e-m\libsupc++.a(eh_terminate.o)
 .ARM.extab.text._ZNK10__cxxabiv117__pbase_type_info15__pointer_catchEPKS0_PPvj
                0x00018674        0x0 r:/fehqt/proteus/gcc/bin/../lib/gcc/arm-none-eabi/4.6.2/../../../../arm-none-eabi/lib/armv7e-m\libsupc++.a(pbase_type_info.o)
 .ARM.extab     0x00018674       0x18 r:/fehqt/proteus/gcc/bin/../lib/gcc/arm-none-eabi/4.6.2/armv7e-m\libgcc.a(unwind-arm.o)
 .ARM.extab     0x0001868c       0x18 r:/fehqt/proteus/gcc/bin/../lib/gcc/arm-none-eabi/4.6.2/armv7e-m\libgcc.a(pr-support.o)

.ARM            0x000186a4      0x1f0
                0x000186a4                __exidx_start = .
 *(.ARM.exidx*)
 .ARM.exidx.text._ZNSt9bad_allocD2Ev
                0x00018764        0x0 R:\fehqt\Proteus/EWL/lib/armv7e-m\librt.a(New.o)
                                  0x8 (size before relaxing)
 .ARM.exidx.text._ZNKSt9bad_alloc4whatEv
                0x00018764        0x0 R:\fehqt\Proteus/EWL/lib/armv7e-m\librt.a(New.o)
                                  0x8 (size before relaxing)
 .ARM.exidx.text._Znwj
                0x00018764        0x8 R:\fehqt\Proteus/EWL/lib/armv7e-m\librt.a(New.o)
 .ARM.exidx.text._ZdlPv
                0x0001876c        0x8 R:\fehqt\Proteus/EWL/lib/armv7e-m\librt.a(New.o)
 .ARM.exidx.text._ZNSt9bad_allocD0Ev
                0x00018774        0x0 R:\fehqt\Proteus/EWL/lib/armv7e-m\librt.a(New.o)
                                  0x8 (size before relaxing)
 .ARM.exidx.text._ZNK10__cxxabiv117__class_type_info11__do_upcastEPKS0_PPv
                0x00018774        0x8 r:/fehqt/proteus/gcc/bin/../lib/gcc/arm-none-eabi/4.6.2/../../../../arm-none-eabi/lib/armv7e-m\libsupc++.a(class_type_info.o)
 .ARM.exidx.text._ZNK10__cxxabiv117__class_type_info20__do_find_public_srcEiPKvPKS0_S2_
                0x0001877c        0x8 r:/fehqt/proteus/gcc/bin/../lib/gcc/arm-none-eabi/4.6.2/../../../../arm-none-eabi/lib/armv7e-m\libsupc++.a(class_type_info.o)
 .ARM.exidx.text._ZNK10__cxxabiv117__class_type_info11__do_upcastEPKS0_PKvRNS0_15__upcast_resultE
                0x00018784        0x8 r:/fehqt/proteus/gcc/bin/../lib/gcc/arm-none-eabi/4.6.2/../../../../arm-none-eabi/lib/armv7e-m\libsupc++.a(class_type_info.o)
 .ARM.exidx.text._ZN10__cxxabiv117__class_type_infoD2Ev
                0x0001878c        0x8 r:/fehqt/proteus/gcc/bin/../lib/gcc/arm-none-eabi/4.6.2/../../../../arm-none-eabi/lib/armv7e-m\libsupc++.a(class_type_info.o)
 .ARM.exidx.text._ZN10__cxxabiv117__class_type_infoD0Ev
                0x00018794        0x0 r:/fehqt/proteus/gcc/bin/../lib/gcc/arm-none-eabi/4.6.2/../../../../arm-none-eabi/lib/armv7e-m\libsupc++.a(class_type_info.o)
                                  0x8 (size before relaxing)
 .ARM.exidx.text._ZNK10__cxxabiv117__class_type_info12__do_dyncastEiNS0_10__sub_kindEPKS0_PKvS3_S5_RNS0_16__dyncast_resultE
                0x00018794        0x8 r:/fehqt/proteus/gcc/bin/../lib/gcc/arm-none-eabi/4.6.2/../../../../arm-none-eabi/lib/armv7e-m\libsupc++.a(class_type_info.o)
 .ARM.exidx.text._ZNK10__cxxabiv117__class_type_info10__do_catchEPKSt9type_infoPPvj
                0x0001879c        0x8 r:/fehqt/proteus/gcc/bin/../lib/gcc/arm-none-eabi/4.6.2/../../../../arm-none-eabi/lib/armv7e-m\libsupc++.a(class_type_info.o)
 .ARM.exidx.text.__cxa_allocate_exception
                0x000187a4        0x8 r:/fehqt/proteus/gcc/bin/../lib/gcc/arm-none-eabi/4.6.2/../../../../arm-none-eabi/lib/armv7e-m\libsupc++.a(eh_alloc.o)
 .ARM.exidx.text.__cxa_free_exception
                0x000187ac        0x0 r:/fehqt/proteus/gcc/bin/../lib/gcc/arm-none-eabi/4.6.2/../../../../arm-none-eabi/lib/armv7e-m\libsupc++.a(eh_alloc.o)
                                  0x8 (size before relaxing)
 .ARM.exidx.text.__cxa_type_match
                0x000187ac        0x8 r:/fehqt/proteus/gcc/bin/../lib/gcc/arm-none-eabi/4.6.2/../../../../arm-none-eabi/lib/armv7e-m\libsupc++.a(eh_arm.o)
 .ARM.exidx.text.__cxa_begin_cleanup
                0x000187b4        0x8 r:/fehqt/proteus/gcc/bin/../lib/gcc/arm-none-eabi/4.6.2/../../../../arm-none-eabi/lib/armv7e-m\libsupc++.a(eh_arm.o)
 .ARM.exidx.text.__gnu_end_cleanup
                0x000187bc        0x0 r:/fehqt/proteus/gcc/bin/../lib/gcc/arm-none-eabi/4.6.2/../../../../arm-none-eabi/lib/armv7e-m\libsupc++.a(eh_arm.o)
                                  0x8 (size before relaxing)
 .ARM.exidx.text.__cxa_bad_typeid
                0x000187bc        0x8 r:/fehqt/proteus/gcc/bin/../lib/gcc/arm-none-eabi/4.6.2/../../../../arm-none-eabi/lib/armv7e-m\libsupc++.a(eh_aux_runtime.o)
 .ARM.exidx.text.__cxa_call_terminate
                0x000187c4        0x8 r:/fehqt/proteus/gcc/bin/../lib/gcc/arm-none-eabi/4.6.2/../../../../arm-none-eabi/lib/armv7e-m\libsupc++.a(eh_call.o)
 .ARM.exidx.text.__cxa_call_unexpected
                0x000187cc        0x8 r:/fehqt/proteus/gcc/bin/../lib/gcc/arm-none-eabi/4.6.2/../../../../arm-none-eabi/lib/armv7e-m\libsupc++.a(eh_call.o)
 .ARM.exidx.text.__cxa_begin_catch
                0x000187d4        0x8 r:/fehqt/proteus/gcc/bin/../lib/gcc/arm-none-eabi/4.6.2/../../../../arm-none-eabi/lib/armv7e-m\libsupc++.a(eh_catch.o)
 .ARM.exidx.text.__cxa_end_catch
                0x000187dc        0x8 r:/fehqt/proteus/gcc/bin/../lib/gcc/arm-none-eabi/4.6.2/../../../../arm-none-eabi/lib/armv7e-m\libsupc++.a(eh_catch.o)
 .ARM.exidx.text._ZNSt9exceptionD2Ev
                0x000187e4        0x0 r:/fehqt/proteus/gcc/bin/../lib/gcc/arm-none-eabi/4.6.2/../../../../arm-none-eabi/lib/armv7e-m\libsupc++.a(eh_exception.o)
                                  0x8 (size before relaxing)
 .ARM.exidx.text._ZNSt13bad_exceptionD2Ev
                0x000187e4        0x0 r:/fehqt/proteus/gcc/bin/../lib/gcc/arm-none-eabi/4.6.2/../../../../arm-none-eabi/lib/armv7e-m\libsupc++.a(eh_exception.o)
                                  0x8 (size before relaxing)
 .ARM.exidx.text._ZNKSt9exception4whatEv
                0x000187e4        0x0 r:/fehqt/proteus/gcc/bin/../lib/gcc/arm-none-eabi/4.6.2/../../../../arm-none-eabi/lib/armv7e-m\libsupc++.a(eh_exception.o)
                                  0x8 (size before relaxing)
 .ARM.exidx.text._ZNKSt13bad_exception4whatEv
                0x000187e4        0x0 r:/fehqt/proteus/gcc/bin/../lib/gcc/arm-none-eabi/4.6.2/../../../../arm-none-eabi/lib/armv7e-m\libsupc++.a(eh_exception.o)
                                  0x8 (size before relaxing)
 .ARM.exidx.text._ZNSt13bad_exceptionD0Ev
                0x000187e4        0x0 r:/fehqt/proteus/gcc/bin/../lib/gcc/arm-none-eabi/4.6.2/../../../../arm-none-eabi/lib/armv7e-m\libsupc++.a(eh_exception.o)
                                  0x8 (size before relaxing)
 .ARM.exidx.text._ZNSt9exceptionD0Ev
                0x000187e4        0x0 r:/fehqt/proteus/gcc/bin/../lib/gcc/arm-none-eabi/4.6.2/../../../../arm-none-eabi/lib/armv7e-m\libsupc++.a(eh_exception.o)
                                  0x8 (size before relaxing)
 .ARM.exidx.text.__cxa_get_globals_fast
                0x000187e4        0x0 r:/fehqt/proteus/gcc/bin/../lib/gcc/arm-none-eabi/4.6.2/../../../../arm-none-eabi/lib/armv7e-m\libsupc++.a(eh_globals.o)
                                  0x8 (size before relaxing)
 .ARM.exidx.text.__cxa_get_globals
                0x000187e4        0x0 r:/fehqt/proteus/gcc/bin/../lib/gcc/arm-none-eabi/4.6.2/../../../../arm-none-eabi/lib/armv7e-m\libsupc++.a(eh_globals.o)
                                  0x8 (size before relaxing)
 .ARM.exidx.text._ZL12read_sleb128PKhPl
                0x000187e4        0x0 r:/fehqt/proteus/gcc/bin/../lib/gcc/arm-none-eabi/4.6.2/../../../../arm-none-eabi/lib/armv7e-m\libsupc++.a(eh_personality.o)
                                  0x8 (size before relaxing)
 .ARM.exidx.text._ZL28read_encoded_value_with_basehjPKhPj
                0x000187e4        0x8 r:/fehqt/proteus/gcc/bin/../lib/gcc/arm-none-eabi/4.6.2/../../../../arm-none-eabi/lib/armv7e-m\libsupc++.a(eh_personality.o)
 .ARM.exidx.text._ZL21base_of_encoded_valuehP15_Unwind_Context
                0x000187ec        0x8 r:/fehqt/proteus/gcc/bin/../lib/gcc/arm-none-eabi/4.6.2/../../../../arm-none-eabi/lib/armv7e-m\libsupc++.a(eh_personality.o)
 .ARM.exidx.text._ZL17parse_lsda_headerP15_Unwind_ContextPKhP16lsda_header_info.constprop.1
                0x000187f4        0x8 r:/fehqt/proteus/gcc/bin/../lib/gcc/arm-none-eabi/4.6.2/../../../../arm-none-eabi/lib/armv7e-m\libsupc++.a(eh_personality.o)
 .ARM.exidx.text.__gxx_personality_v0
                0x000187fc        0x8 r:/fehqt/proteus/gcc/bin/../lib/gcc/arm-none-eabi/4.6.2/../../../../arm-none-eabi/lib/armv7e-m\libsupc++.a(eh_personality.o)
 .ARM.exidx.text._ZN10__cxxabiv111__terminateEPFvvE
                0x00018804        0x8 r:/fehqt/proteus/gcc/bin/../lib/gcc/arm-none-eabi/4.6.2/../../../../arm-none-eabi/lib/armv7e-m\libsupc++.a(eh_terminate.o)
 .ARM.exidx.text._ZSt9terminatev
                0x0001880c        0x8 r:/fehqt/proteus/gcc/bin/../lib/gcc/arm-none-eabi/4.6.2/../../../../arm-none-eabi/lib/armv7e-m\libsupc++.a(eh_terminate.o)
 .ARM.exidx.text._ZN10__cxxabiv112__unexpectedEPFvvE
                0x00018814        0x8 r:/fehqt/proteus/gcc/bin/../lib/gcc/arm-none-eabi/4.6.2/../../../../arm-none-eabi/lib/armv7e-m\libsupc++.a(eh_terminate.o)
 .ARM.exidx.text._ZSt10unexpectedv
                0x0001881c        0x8 r:/fehqt/proteus/gcc/bin/../lib/gcc/arm-none-eabi/4.6.2/../../../../arm-none-eabi/lib/armv7e-m\libsupc++.a(eh_terminate.o)
 .ARM.exidx.text._ZL23__gxx_exception_cleanup19_Unwind_Reason_CodeP21_Unwind_Control_Block
                0x00018824        0x8 r:/fehqt/proteus/gcc/bin/../lib/gcc/arm-none-eabi/4.6.2/../../../../arm-none-eabi/lib/armv7e-m\libsupc++.a(eh_throw.o)
 .ARM.exidx.text.__cxa_throw
                0x0001882c        0x8 r:/fehqt/proteus/gcc/bin/../lib/gcc/arm-none-eabi/4.6.2/../../../../arm-none-eabi/lib/armv7e-m\libsupc++.a(eh_throw.o)
 .ARM.exidx.text.__cxa_rethrow
                0x00018834        0x8 r:/fehqt/proteus/gcc/bin/../lib/gcc/arm-none-eabi/4.6.2/../../../../arm-none-eabi/lib/armv7e-m\libsupc++.a(eh_throw.o)
 .ARM.exidx.text._ZN10__cxxabiv123__fundamental_type_infoD2Ev
                0x0001883c        0x0 r:/fehqt/proteus/gcc/bin/../lib/gcc/arm-none-eabi/4.6.2/../../../../arm-none-eabi/lib/armv7e-m\libsupc++.a(fundamental_type_info.o)
                                  0x8 (size before relaxing)
 .ARM.exidx.text._ZN10__cxxabiv123__fundamental_type_infoD0Ev
                0x0001883c        0x0 r:/fehqt/proteus/gcc/bin/../lib/gcc/arm-none-eabi/4.6.2/../../../../arm-none-eabi/lib/armv7e-m\libsupc++.a(fundamental_type_info.o)
                                  0x8 (size before relaxing)
 .ARM.exidx.text._ZNK10__cxxabiv119__pointer_type_info14__is_pointer_pEv
                0x0001883c        0x8 r:/fehqt/proteus/gcc/bin/../lib/gcc/arm-none-eabi/4.6.2/../../../../arm-none-eabi/lib/armv7e-m\libsupc++.a(pointer_type_info.o)
 .ARM.exidx.text._ZN10__cxxabiv119__pointer_type_infoD2Ev
                0x00018844        0x8 r:/fehqt/proteus/gcc/bin/../lib/gcc/arm-none-eabi/4.6.2/../../../../arm-none-eabi/lib/armv7e-m\libsupc++.a(pointer_type_info.o)
 .ARM.exidx.text._ZN10__cxxabiv119__pointer_type_infoD0Ev
                0x0001884c        0x0 r:/fehqt/proteus/gcc/bin/../lib/gcc/arm-none-eabi/4.6.2/../../../../arm-none-eabi/lib/armv7e-m\libsupc++.a(pointer_type_info.o)
                                  0x8 (size before relaxing)
 .ARM.exidx.text._ZNK10__cxxabiv119__pointer_type_info15__pointer_catchEPKNS_17__pbase_type_infoEPPvj
                0x0001884c        0x8 r:/fehqt/proteus/gcc/bin/../lib/gcc/arm-none-eabi/4.6.2/../../../../arm-none-eabi/lib/armv7e-m\libsupc++.a(pointer_type_info.o)
 .ARM.exidx.text._ZN10__cxxabiv120__si_class_type_infoD2Ev
                0x00018854        0x8 r:/fehqt/proteus/gcc/bin/../lib/gcc/arm-none-eabi/4.6.2/../../../../arm-none-eabi/lib/armv7e-m\libsupc++.a(si_class_type_info.o)
 .ARM.exidx.text._ZN10__cxxabiv120__si_class_type_infoD0Ev
                0x0001885c        0x0 r:/fehqt/proteus/gcc/bin/../lib/gcc/arm-none-eabi/4.6.2/../../../../arm-none-eabi/lib/armv7e-m\libsupc++.a(si_class_type_info.o)
                                  0x8 (size before relaxing)
 .ARM.exidx.text._ZNK10__cxxabiv120__si_class_type_info11__do_upcastEPKNS_17__class_type_infoEPKvRNS1_15__upcast_resultE
                0x0001885c        0x8 r:/fehqt/proteus/gcc/bin/../lib/gcc/arm-none-eabi/4.6.2/../../../../arm-none-eabi/lib/armv7e-m\libsupc++.a(si_class_type_info.o)
 .ARM.exidx.text._ZNK10__cxxabiv120__si_class_type_info12__do_dyncastEiNS_17__class_type_info10__sub_kindEPKS1_PKvS4_S6_RNS1_16__dyncast_resultE
                0x00018864        0x8 r:/fehqt/proteus/gcc/bin/../lib/gcc/arm-none-eabi/4.6.2/../../../../arm-none-eabi/lib/armv7e-m\libsupc++.a(si_class_type_info.o)
 .ARM.exidx.text._ZNK10__cxxabiv120__si_class_type_info20__do_find_public_srcEiPKvPKNS_17__class_type_infoES2_
                0x0001886c        0x8 r:/fehqt/proteus/gcc/bin/../lib/gcc/arm-none-eabi/4.6.2/../../../../arm-none-eabi/lib/armv7e-m\libsupc++.a(si_class_type_info.o)
 .ARM.exidx.text._ZNSt9type_infoD2Ev
                0x00018874        0x8 r:/fehqt/proteus/gcc/bin/../lib/gcc/arm-none-eabi/4.6.2/../../../../arm-none-eabi/lib/armv7e-m\libsupc++.a(tinfo.o)
 .ARM.exidx.text._ZNKSt9type_info14__is_pointer_pEv
                0x0001887c        0x0 r:/fehqt/proteus/gcc/bin/../lib/gcc/arm-none-eabi/4.6.2/../../../../arm-none-eabi/lib/armv7e-m\libsupc++.a(tinfo.o)
                                  0x8 (size before relaxing)
 .ARM.exidx.text._ZNKSt9type_info15__is_function_pEv
                0x0001887c        0x0 r:/fehqt/proteus/gcc/bin/../lib/gcc/arm-none-eabi/4.6.2/../../../../arm-none-eabi/lib/armv7e-m\libsupc++.a(tinfo.o)
                                  0x8 (size before relaxing)
 .ARM.exidx.text._ZNKSt9type_info11__do_upcastEPKN10__cxxabiv117__class_type_infoEPPv
                0x0001887c        0x0 r:/fehqt/proteus/gcc/bin/../lib/gcc/arm-none-eabi/4.6.2/../../../../arm-none-eabi/lib/armv7e-m\libsupc++.a(tinfo.o)
                                  0x8 (size before relaxing)
 .ARM.exidx.text._ZNSt9type_infoD0Ev
                0x0001887c        0x0 r:/fehqt/proteus/gcc/bin/../lib/gcc/arm-none-eabi/4.6.2/../../../../arm-none-eabi/lib/armv7e-m\libsupc++.a(tinfo.o)
                                  0x8 (size before relaxing)
 .ARM.exidx.text._ZNKSt9type_infoeqERKS_
                0x0001887c        0x0 r:/fehqt/proteus/gcc/bin/../lib/gcc/arm-none-eabi/4.6.2/../../../../arm-none-eabi/lib/armv7e-m\libsupc++.a(tinfo.o)
                                  0x8 (size before relaxing)
 .ARM.exidx.text._ZNKSt9type_info10__do_catchEPKS_PPvj
                0x0001887c        0x0 r:/fehqt/proteus/gcc/bin/../lib/gcc/arm-none-eabi/4.6.2/../../../../arm-none-eabi/lib/armv7e-m\libsupc++.a(tinfo.o)
                                  0x8 (size before relaxing)
 .ARM.exidx.text._ZNKSt10bad_typeid4whatEv
                0x0001887c        0x0 r:/fehqt/proteus/gcc/bin/../lib/gcc/arm-none-eabi/4.6.2/../../../../arm-none-eabi/lib/armv7e-m\libsupc++.a(bad_typeid.o)
                                  0x8 (size before relaxing)
 .ARM.exidx.text._ZNSt10bad_typeidD2Ev
                0x0001887c        0x0 r:/fehqt/proteus/gcc/bin/../lib/gcc/arm-none-eabi/4.6.2/../../../../arm-none-eabi/lib/armv7e-m\libsupc++.a(bad_typeid.o)
                                  0x8 (size before relaxing)
 .ARM.exidx.text._ZNSt10bad_typeidD0Ev
                0x0001887c        0x0 r:/fehqt/proteus/gcc/bin/../lib/gcc/arm-none-eabi/4.6.2/../../../../arm-none-eabi/lib/armv7e-m\libsupc++.a(bad_typeid.o)
                                  0x8 (size before relaxing)
 .ARM.exidx.text._ZNK10__cxxabiv117__pbase_type_info15__pointer_catchEPKS0_PPvj
                0x0001887c        0x8 r:/fehqt/proteus/gcc/bin/../lib/gcc/arm-none-eabi/4.6.2/../../../../arm-none-eabi/lib/armv7e-m\libsupc++.a(pbase_type_info.o)
 .ARM.exidx.text._ZN10__cxxabiv117__pbase_type_infoD2Ev
                0x00018884        0x0 r:/fehqt/proteus/gcc/bin/../lib/gcc/arm-none-eabi/4.6.2/../../../../arm-none-eabi/lib/armv7e-m\libsupc++.a(pbase_type_info.o)
                                  0x8 (size before relaxing)
 .ARM.exidx.text._ZN10__cxxabiv117__pbase_type_infoD0Ev
                0x00018884        0x0 r:/fehqt/proteus/gcc/bin/../lib/gcc/arm-none-eabi/4.6.2/../../../../arm-none-eabi/lib/armv7e-m\libsupc++.a(pbase_type_info.o)
                                  0x8 (size before relaxing)
 .ARM.exidx.text._ZNK10__cxxabiv117__pbase_type_info10__do_catchEPKSt9type_infoPPvj
                0x00018884       0x10 r:/fehqt/proteus/gcc/bin/../lib/gcc/arm-none-eabi/4.6.2/../../../../arm-none-eabi/lib/armv7e-m\libsupc++.a(pbase_type_info.o)
                                  0x8 (size before relaxing)
 .ARM.exidx     0x000186a4       0x88 r:/fehqt/proteus/gcc/bin/../lib/gcc/arm-none-eabi/4.6.2/armv7e-m\libgcc.a(unwind-arm.o)
                                 0xc0 (size before relaxing)
 .ARM.exidx     0x0001872c       0x38 r:/fehqt/proteus/gcc/bin/../lib/gcc/arm-none-eabi/4.6.2/armv7e-m\libgcc.a(pr-support.o)
                                 0x48 (size before relaxing)
                0x00018894                __exidx_end = .

.ctors          0x00018894        0x0
                0x00018894                __CTOR_LIST__ = .
 *crtbegin.o(.ctors)
 *(EXCLUDE_FILE(*crtend.o) .ctors)
 *(SORT(.ctors.*))
 *(.ctors)
                0x00018894                __CTOR_END__ = .

.dtors          0x00018894        0x0
                0x00018894                __DTOR_LIST__ = .
 *crtbegin.o(.dtors)
 *(EXCLUDE_FILE(*crtend.o) .dtors)
 *(SORT(.dtors.*))
 *(.dtors)
                0x00018894                __DTOR_END__ = .

.preinit_array  0x00018894        0x0
                0x00018894                PROVIDE (__preinit_array_start, .)
 *(.preinit_array*)
                0x00018894                PROVIDE (__preinit_array_end, .)

.init_array     0x00018894       0x14
                0x00018894                PROVIDE (__init_array_start, .)
 *(SORT(.init_array.*))
 *(.init_array*)
 .init_array    0x00018894        0x4 FEHProteus.o
 .init_array    0x00018898        0x4 Libraries\FEHBuzzer.o
 .init_array    0x0001889c        0x4 Libraries\FEHLCD.o
 .init_array    0x000188a0        0x4 Libraries\FEHBattery.o
 .init_array    0x000188a4        0x4 Libraries\FEHWONKA.o
                0x000188a8                PROVIDE (__init_array_end, .)

.fini_array     0x000188a8        0x0
                0x000188a8                PROVIDE (__fini_array_start, .)
 *(SORT(.fini_array.*))
 *(.fini_array*)
                0x000188a8                PROVIDE (__fini_array_end, .)
                0x000188a8                ___ROM_AT = .

.data           0x1fff0400     0x3228 load address 0x000188a8
                0x1fff0400                . = ALIGN (0x4)
                0x1fff0400                _sdata = .
 *(.data)
 *(.data*)
 .data.image    0x1fff0400     0x303c Libraries\FEHLCD.o
                0x1fff0400                image
 .data._ZN6FEHLCD8fontDataE
                0x1fff343c      0x1e0 Libraries\FEHLCD.o
                0x1fff343c                FEHLCD::fontData
 .data._ZN10__cxxabiv120__unexpected_handlerE
                0x1fff361c        0x4 r:/fehqt/proteus/gcc/bin/../lib/gcc/arm-none-eabi/4.6.2/../../../../arm-none-eabi/lib/armv7e-m\libsupc++.a(eh_unex_handler.o)
                0x1fff361c                __cxxabiv1::__unexpected_handler
 .data._ZN10__cxxabiv119__terminate_handlerE
                0x1fff3620        0x4 r:/fehqt/proteus/gcc/bin/../lib/gcc/arm-none-eabi/4.6.2/../../../../arm-none-eabi/lib/armv7e-m\libsupc++.a(eh_term_handler.o)
                0x1fff3620                __cxxabiv1::__terminate_handler
 .data.tail     0x1fff3624        0x4 R:\fehqt\Proteus/EWL/lib/armv7e-m\libc.a(alloc.o)
                0x1fff3628                . = ALIGN (0x4)
                0x1fff3628                _edata = .
                0x00003228                ___data_size = (_edata - _sdata)
                0x0001bad0                ___m_data2_ROMStart = (___ROM_AT + SIZEOF (.data))

.user_data2     0x20000000        0x0 load address 0x0001bad0
                0x20000000                . = ALIGN (0x4)
                0x20000000                ___m_data2_RAMStart = .
 *(.data2)
                0x20000000                ___m_data2_RAMEnd = .
                0x20000000                . = ALIGN (0x4)
                0x00000000                ___m_data2_ROMSize = (___m_data2_RAMEnd - ___m_data2_RAMStart)
                0x20000000                . = ALIGN (0x4)
